
Allocating common symbols
Common symbol       size              file

netbufpool          0x4               binaries/net.o
tmp                 0x4               binaries/paging_register_setup.o
readylist           0x2               binaries/ready.o
rfltab              0x5a0             binaries/rflinit.o
sleepq              0x2               binaries/clkinit.o
PAGE_SERVER_STATUS  0x1               binaries/initialize.o
nnames              0x4               binaries/naminit.o
udptab              0x168             binaries/udp.o
minheap             0x4               binaries/meminit.o
marks               0x50              binaries/mark.o
currpid             0x4               binaries/initialize.o
Lf_data             0x20c             binaries/lfsinit.o
porttab             0x2d0             binaries/ptinit.o
girmask             0x2               binaries/evec.o
ttytab              0x10c             binaries/ttyinit.o
bs_sem              0x4               binaries/psinit.o
proctab             0x20d0            binaries/initialize.o
prcount             0x4               binaries/initialize.o
lfltab              0xf00             binaries/lflinit.o
rdstab              0x8c              binaries/rdsinit.o
ethertab            0x138             binaries/ethinit.o
NetData             0xa8              binaries/net.o
nmarks              0x4               binaries/mark.o
fifo_head           0x4               binaries/page_frame.o
Defer               0x8               binaries/resched.o
semtab              0x4b0             binaries/initialize.o
maxheap             0x4               binaries/meminit.o
preempt             0x4               binaries/clkinit.o
buftab              0xf0              binaries/bufinit.o
Rf_data             0x18              binaries/rfsinit.o
mkmutex             0x4               binaries/mark.o
bstab               0xc0              binaries/psinit.o
clktime             0x4               binaries/clkinit.o
arpcache            0x140             binaries/arp.o
icmptab             0x230             binaries/icmp.o
nbpools             0x4               binaries/bufinit.o
pagefaults          0x4               binaries/pagefault_handler.o
queuetab            0x980             binaries/queue.o
ptnextid            0x4               binaries/ptinit.o
Ram                 0x19000           binaries/raminit.o
ipoqueue            0x2c              binaries/ip.o
frames              0x708             binaries/page_frame.o
bs_init_sem         0x4               binaries/initialize.o
memlist             0x8               binaries/initialize.o
nametab             0x19a0            binaries/naminit.o
ptfree              0x4               binaries/ptinit.o

Memory Configuration

Name             Origin             Length             Attributes
*default*        0x0000000000000000 0xffffffffffffffff

Linker script and memory map

                0x0000000000100000                physbase = 0x100000
                0x0000000000100000                . = physbase
                0x0000000000100000                . = ALIGN (0x1000)

.text           0x0000000000100000    0x17000
                0x0000000000100000                text = ABSOLUTE (.)
 *(.text .text.*)
 .text          0x0000000000100000      0x14c binaries/start.o
                0x0000000000100028                start
                0x000000000010009a                inb
                0x00000000001000a2                inw
                0x00000000001000ab                inl
                0x00000000001000b3                outb
                0x00000000001000bd                outw
                0x00000000001000c8                outl
                0x00000000001000d2                _rtcin
                0x00000000001000dd                ___udivsi3
                0x00000000001000e8                ___divsi3
                0x00000000001000f4                sbzero
                0x0000000000100104                bcopy
                0x0000000000100118                insw
                0x000000000010012e                outsw
                0x0000000000100144                lidt
 .text          0x000000000010014c      0x2d8 binaries/ascdate.o
                0x000000000010014c                ascdate
 .text          0x0000000000100424       0x10 binaries/bufinit.o
                0x0000000000100424                bufinit
 .text          0x0000000000100434       0x64 binaries/chprio.o
                0x0000000000100434                chprio
 .text          0x0000000000100498       0x73 binaries/clkhandler.o
                0x0000000000100498                clkhandler
 .text          0x000000000010050b       0x59 binaries/clkinit.o
                0x000000000010050b                clkinit
 .text          0x0000000000100564       0x56 binaries/close.o
                0x0000000000100564                close
 .text          0x00000000001005ba        0x0 binaries/conf.o
 .text          0x00000000001005ba       0x5f binaries/control.o
                0x00000000001005ba                control
 .text          0x0000000000100619      0x23e binaries/create.o
                0x0000000000100619                create
 .text          0x0000000000100857      0x205 binaries/early_imr.o
                0x0000000000100857                intel_cln_early_sb_read_reg
                0x00000000001008af                intel_cln_early_sb_write_reg
                0x000000000010095e                remove_irm_protections
 .text          0x0000000000100a5c      0x2d8 binaries/evec.o
                0x0000000000100a5c                setirmask
                0x0000000000100a90                set_evec
                0x0000000000100aec                initevec
                0x0000000000100bbb                trap
 .text          0x0000000000100d34       0x78 binaries/freebuf.o
                0x0000000000100d34                freebuf
 .text          0x0000000000100dac      0x106 binaries/freemem.o
                0x0000000000100dac                freemem
 .text          0x0000000000100eb2       0x65 binaries/getbuf.o
                0x0000000000100eb2                getbuf
 .text          0x0000000000100f17       0x56 binaries/getc.o
                0x0000000000100f17                getc
 .text          0x0000000000100f6d       0x63 binaries/getdev.o
                0x0000000000100f6d                getdev
 .text          0x0000000000100fd0       0x77 binaries/getitem.o
                0x0000000000100fd0                getitem
                0x0000000000100ffc                getfirst
                0x000000000010101f                getlast
 .text          0x0000000000101047       0xc2 binaries/getmem.o
                0x0000000000101047                getmem
 .text          0x0000000000101109        0x6 binaries/getpid.o
                0x0000000000101109                getpid
 .text          0x000000000010110f       0x58 binaries/getprio.o
                0x000000000010110f                getprio
 .text          0x0000000000101167       0xa6 binaries/getstk.o
                0x0000000000101167                getstk
 .text          0x000000000010120d       0x34 binaries/gettime.o
                0x000000000010120d                gettime
 .text          0x0000000000101241      0x193 binaries/getutime.o
                0x0000000000101241                getutime
 .text          0x00000000001013d4       0x58 binaries/hooks.o
                0x00000000001013d4                hook_ptable_create
                0x00000000001013e9                hook_ptable_delete
                0x00000000001013fe                hook_pfault
                0x0000000000101413                hook_pswap_out
 .text          0x000000000010142c       0x56 binaries/init.o
                0x000000000010142c                init
 .text          0x0000000000101482      0x31e binaries/initialize.o
                0x0000000000101482                initialize_paging
                0x00000000001014c3                nulluser
                0x000000000010175b                stop
                0x000000000010177d                delay
 .text          0x00000000001017a0       0x99 binaries/insert.o
                0x00000000001017a0                insert
 .text          0x0000000000101839       0xe2 binaries/insertd.o
                0x0000000000101839                insertd
 .text          0x000000000010191b        0x6 binaries/ioerr.o
                0x000000000010191b                ioerr
 .text          0x0000000000101921        0x6 binaries/ionull.o
                0x0000000000101921                ionull
 .text          0x0000000000101927      0x171 binaries/kill.o
                0x0000000000101927                kill
                0x0000000000101a6a                paging_related_destruction
 .text          0x0000000000101a98       0xa5 binaries/kprintf.o
                0x0000000000101a98                kputc
                0x0000000000101ac7                console_init
                0x0000000000101af9                kgetc
                0x0000000000101b1b                kprintf
 .text          0x0000000000101b3d       0x4a binaries/main.o
                0x0000000000101b3d                main
 .text          0x0000000000101b87       0x93 binaries/mark.o
                0x0000000000101b87                markinit
                0x0000000000101ba4                mark
 .text          0x0000000000101c1a       0xa9 binaries/meminit.o
                0x0000000000101c1a                meminit
                0x0000000000101c57                setsegs
 .text          0x0000000000101cc3      0x12a binaries/mkbufpool.o
                0x0000000000101cc3                mkbufpool
 .text          0x0000000000101ded       0x5e binaries/newqueue.o
                0x0000000000101ded                newqueue
 .text          0x0000000000101e4b       0x5e binaries/open.o
                0x0000000000101e4b                open
 .text          0x0000000000101ea9       0x1e binaries/panic.o
                0x0000000000101ea9                panic
 .text          0x0000000000101ec7      0x27c binaries/pci.o
                0x0000000000101ec7                pci_init
                0x0000000000101ecd                find_pci_device
                0x0000000000101f8b                pci_read_config_byte
                0x0000000000101fc8                pci_read_config_word
                0x0000000000102007                pci_read_config_dword
                0x0000000000102044                pci_write_config_byte
                0x000000000010207f                pci_write_config_word
                0x00000000001020bb                pci_write_config_dword
                0x00000000001020f6                pci_get_dev_mmio_base_addr
 .text          0x0000000000102143       0x4f binaries/platinit.o
                0x0000000000102143                platinit
 .text          0x0000000000102192       0xa3 binaries/ptclear.o
                0x0000000000102192                _ptclear
 .text          0x0000000000102235       0x7c binaries/ptcount.o
                0x0000000000102235                ptcount
 .text          0x00000000001022b1      0x101 binaries/ptcreate.o
                0x00000000001022b1                ptcreate
 .text          0x00000000001023b2       0x64 binaries/ptdelete.o
                0x00000000001023b2                ptdelete
 .text          0x0000000000102416       0x8e binaries/ptinit.o
                0x0000000000102416                ptinit
 .text          0x00000000001024a4       0xec binaries/ptrecv.o
                0x00000000001024a4                ptrecv
 .text          0x0000000000102590       0x67 binaries/ptreset.o
                0x0000000000102590                ptreset
 .text          0x00000000001025f7      0x10d binaries/ptsend.o
                0x00000000001025f7                ptsend
 .text          0x0000000000102704       0x5c binaries/putc.o
                0x0000000000102704                putc
 .text          0x0000000000102760       0xb6 binaries/quark_irq.o
                0x0000000000102760                quark_irq_routing
 .text          0x0000000000102816      0x19d binaries/quark_pdat.o
                0x0000000000102816                get_quark_pdat_entry_data_by_id
                0x00000000001028e3                get_quark_pdat_entry_data_by_desc
 .text          0x00000000001029b3       0xac binaries/queue.o
                0x00000000001029b3                enqueue
                0x0000000000102a14                dequeue
 .text          0x0000000000102a5f       0x5e binaries/read.o
                0x0000000000102a5f                read
 .text          0x0000000000102abd       0x67 binaries/ready.o
                0x0000000000102abd                ready
 .text          0x0000000000102b24       0x5f binaries/receive.o
                0x0000000000102b24                receive
 .text          0x0000000000102b83       0x4e binaries/recvclr.o
                0x0000000000102b83                recvclr
 .text          0x0000000000102bd1       0xb2 binaries/recvtime.o
                0x0000000000102bd1                recvtime
 .text          0x0000000000102c83      0x151 binaries/resched.o
                0x0000000000102c83                resched
                0x0000000000102d61                resched_cntl
 .text          0x0000000000102dd4       0x79 binaries/resume.o
                0x0000000000102dd4                resume
 .text          0x0000000000102e4d       0x5a binaries/seek.o
                0x0000000000102e4d                seek
 .text          0x0000000000102ea7       0x4f binaries/semcount.o
                0x0000000000102ea7                semcount
 .text          0x0000000000102ef6       0x8a binaries/semcreate.o
                0x0000000000102ef6                semcreate
 .text          0x0000000000102f80       0xc8 binaries/semdelete.o
                0x0000000000102f80                semdelete
 .text          0x0000000000103048       0xa7 binaries/semreset.o
                0x0000000000103048                semreset
 .text          0x00000000001030ef       0xba binaries/send.o
                0x00000000001030ef                send
 .text          0x00000000001031a9       0x95 binaries/signal.o
                0x00000000001031a9                signal
 .text          0x000000000010323e       0xba binaries/signaln.o
                0x000000000010323e                signaln
 .text          0x00000000001032f8       0xc2 binaries/sleep.o
                0x00000000001032f8                sleepms
                0x0000000000103384                sleep
 .text          0x00000000001033ba      0x18a binaries/stacktrace.o
                0x00000000001033ba                stacktrace
 .text          0x0000000000103544       0xb6 binaries/suspend.o
                0x0000000000103544                suspend
 .text          0x00000000001035fa       0x93 binaries/unsleep.o
                0x00000000001035fa                unsleep
 .text          0x000000000010368d       0x41 binaries/userret.o
                0x000000000010368d                userret
 .text          0x00000000001036ce       0xb3 binaries/wait.o
                0x00000000001036ce                wait
 .text          0x0000000000103781       0x6d binaries/wakeup.o
                0x0000000000103781                wakeup
 .text          0x00000000001037ee       0x5e binaries/write.o
                0x00000000001037ee                write
 .text          0x000000000010384c       0x16 binaries/xdone.o
                0x000000000010384c                xdone
 .text          0x0000000000103862       0x23 binaries/yield.o
                0x0000000000103862                yield
 .text          0x0000000000103885        0xe binaries/abs.o
                0x0000000000103885                abs
 .text          0x0000000000103893       0x81 binaries/atoi.o
                0x0000000000103893                atoi
 .text          0x0000000000103914       0x81 binaries/atol.o
                0x0000000000103914                atol
 .text          0x0000000000103995       0x18 binaries/bzero.o
                0x0000000000103995                bzero
 .text          0x00000000001039ad        0x0 binaries/ctype_.o
 .text          0x00000000001039ad      0x6e4 binaries/doprnt.o
                0x0000000000103b01                _doprnt
 .text          0x0000000000104091      0x69b binaries/doscan.o
                0x0000000000104091                _doscan
 .text          0x000000000010472c      0x723 binaries/fdoprnt.o
                0x00000000001047b0                _fdoprnt
 .text          0x0000000000104e4f       0x1c binaries/fgetc.o
                0x0000000000104e4f                fgetc
 .text          0x0000000000104e6b       0x62 binaries/fgets.o
                0x0000000000104e6b                fgets
 .text          0x0000000000104ecd       0x23 binaries/fprintf.o
                0x0000000000104ecd                fprintf
 .text          0x0000000000104ef0       0x29 binaries/fputc.o
                0x0000000000104ef0                fputc
 .text          0x0000000000104f19       0x3b binaries/fputs.o
                0x0000000000104f19                fputs
 .text          0x0000000000104f54       0x6a binaries/fscanf.o
                0x0000000000104f8e                fscanf
 .text          0x0000000000104fbe       0x20 binaries/getchar.o
                0x0000000000104fbe                getchar
 .text          0x0000000000104fde        0xe binaries/labs.o
                0x0000000000104fde                labs
 .text          0x0000000000104fec       0x32 binaries/memchr.o
                0x0000000000104fec                memchr
 .text          0x000000000010501e       0x49 binaries/memcmp.o
                0x000000000010501e                memcmp
 .text          0x0000000000105067       0x25 binaries/memcpy.o
                0x0000000000105067                memcpy
 .text          0x000000000010508c       0x1e binaries/memset.o
                0x000000000010508c                memset
 .text          0x00000000001050aa       0x33 binaries/printf.o
                0x00000000001050aa                printf
 .text          0x00000000001050dd       0x24 binaries/putchar.o
                0x00000000001050dd                putchar
 .text          0x0000000000105101      0x1c8 binaries/qsort.o
                0x000000000010529e                qsort
 .text          0x00000000001052c9       0x45 binaries/rand.o
                0x00000000001052c9                srand
                0x00000000001052d3                rand
 .text          0x000000000010530e       0x49 binaries/sprintf.o
                0x0000000000105325                sprintf
 .text          0x0000000000105357       0x57 binaries/sscanf.o
                0x0000000000105380                sscanf
 .text          0x00000000001053ae       0x2d binaries/strchr.o
                0x00000000001053ae                strchr
 .text          0x00000000001053db       0x43 binaries/strcmp.o
                0x00000000001053db                strcmp
 .text          0x000000000010541e       0x1a binaries/strcpy.o
                0x000000000010541e                strcpy
 .text          0x0000000000105438       0x1c binaries/strlen.o
                0x0000000000105438                strlen
 .text          0x0000000000105454       0x3c binaries/strncat.o
                0x0000000000105454                strncat
 .text          0x0000000000105490       0x3a binaries/strncmp.o
                0x0000000000105490                strncmp
 .text          0x00000000001054ca       0x58 binaries/strncpy.o
                0x00000000001054ca                strncpy
 .text          0x0000000000105522       0x36 binaries/strnlen.o
                0x0000000000105522                strnlen
 .text          0x0000000000105558       0x30 binaries/strrchr.o
                0x0000000000105558                strrchr
 .text          0x0000000000105588       0x66 binaries/strstr.o
                0x0000000000105588                strstr
 .text          0x00000000001055ee      0x10a binaries/ttycontrol.o
                0x00000000001055ee                ttycontrol
 .text          0x00000000001056f8       0xaa binaries/ttygetc.o
                0x00000000001056f8                ttygetc
 .text          0x00000000001057a2      0x477 binaries/ttyhandle_in.o
                0x0000000000105858                ttyhandle_in
 .text          0x0000000000105c19      0x16e binaries/ttyhandle_out.o
                0x0000000000105c19                ttyhandle_out
 .text          0x0000000000105d87       0x84 binaries/ttyhandler.o
                0x0000000000105d87                ttyhandler
 .text          0x0000000000105e0b      0x157 binaries/ttyinit.o
                0x0000000000105e0b                ttyinit
 .text          0x0000000000105f62        0xc binaries/ttykickout.o
                0x0000000000105f62                ttykickout
 .text          0x0000000000105f6e       0xac binaries/ttyputc.o
                0x0000000000105f6e                ttyputc
 .text          0x000000000010601a       0xf3 binaries/ttyread.o
                0x000000000010601a                ttyread
 .text          0x000000000010610d       0x46 binaries/ttywrite.o
                0x000000000010610d                ttywrite
 .text          0x0000000000106153      0x125 binaries/mount.o
                0x0000000000106153                namlen
                0x000000000010618b                mount
 .text          0x0000000000106278      0x196 binaries/naminit.o
                0x0000000000106278                naminit
 .text          0x000000000010640e      0x1ff binaries/nammap.o
                0x000000000010640e                namrepl
                0x000000000010652f                namcpy
                0x000000000010657c                nammap
 .text          0x000000000010660d       0x4e binaries/namopen.o
                0x000000000010660d                namopen
 .text          0x000000000010665b       0xce binaries/colon2mac.o
                0x000000000010665b                colon2mac
 .text          0x0000000000106729       0x81 binaries/ethcontrol.o
                0x0000000000106729                ethcontrol
 .text          0x00000000001067aa      0x172 binaries/ethhandler.o
                0x00000000001067aa                ethhandler
 .text          0x000000000010691c      0x550 binaries/ethinit.o
                0x000000000010691c                eth_phy_read
                0x0000000000106959                eth_phy_write
                0x0000000000106999                eth_phy_reset
                0x0000000000106a73                ethinit
 .text          0x0000000000106e6c       0xff binaries/ethmcast.o
                0x0000000000106e6c                ethmcast_add
                0x0000000000106eb9                ethmcast_remove
 .text          0x0000000000106f6b      0x174 binaries/ethread.o
                0x0000000000106f6b                ethread
 .text          0x00000000001070df       0xbd binaries/ethwrite.o
                0x00000000001070df                ethwrite
 .text          0x000000000010719c       0x66 binaries/rdsbufalloc.o
                0x000000000010719c                rdsbufalloc
 .text          0x0000000000107202       0xcd binaries/rdsclose.o
                0x0000000000107202                rdsclose
 .text          0x00000000001072cf      0x1e7 binaries/rdscomm.o
                0x00000000001072cf                rdscomm
 .text          0x00000000001074b6      0x1c2 binaries/rdscontrol.o
                0x00000000001074b6                rdscontrol
 .text          0x0000000000107678      0x1a0 binaries/rdsinit.o
                0x0000000000107678                rdsinit
 .text          0x0000000000107818      0x1a1 binaries/rdsopen.o
                0x0000000000107818                rdsopen
 .text          0x00000000001079b9      0x313 binaries/rdsprocess.o
                0x00000000001079b9                rdsprocess
 .text          0x0000000000107ccc      0x1e2 binaries/rdsread.o
                0x0000000000107ccc                rdsread
 .text          0x0000000000107eae      0x1ac binaries/rdswrite.o
                0x0000000000107eae                rdswrite
 .text          0x000000000010805a        0x6 binaries/ramclose.o
                0x000000000010805a                ramclose
 .text          0x0000000000108060       0x34 binaries/raminit.o
                0x0000000000108060                raminit
 .text          0x0000000000108094        0x7 binaries/ramopen.o
                0x0000000000108094                ramopen
 .text          0x000000000010809b       0x27 binaries/ramread.o
                0x000000000010809b                ramread
 .text          0x00000000001080c2       0x27 binaries/ramwrite.o
                0x00000000001080c2                ramwrite
 .text          0x00000000001080e9       0x87 binaries/lfdballoc.o
                0x00000000001080e9                lfdballoc
 .text          0x0000000000108170       0x4d binaries/lfdbfree.o
                0x0000000000108170                lfdbfree
 .text          0x00000000001081bd       0x9f binaries/lfflush.o
                0x00000000001081bd                lfflush
 .text          0x000000000010825c       0x7a binaries/lfgetmode.o
                0x000000000010825c                lfgetmode
 .text          0x00000000001082d6       0x5f binaries/lfiballoc.o
                0x00000000001082d6                lfiballoc
 .text          0x0000000000108335       0x25 binaries/lfibclear.o
                0x0000000000108335                lfibclear
 .text          0x000000000010835a       0x74 binaries/lfibget.o
                0x000000000010835a                lfibget
 .text          0x00000000001083ce       0x91 binaries/lfibput.o
                0x00000000001083ce                lfibput
 .text          0x000000000010845f       0xa1 binaries/lflclose.o
                0x000000000010845f                lflclose
 .text          0x0000000000108500       0xbe binaries/lflcontrol.o
                0x0000000000108500                lflcontrol
 .text          0x00000000001085be       0xf7 binaries/lflgetc.o
                0x00000000001085be                lflgetc
 .text          0x00000000001086b5       0xe4 binaries/lflinit.o
                0x00000000001086b5                lflinit
 .text          0x0000000000108799      0x12d binaries/lflputc.o
                0x0000000000108799                lflputc
 .text          0x00000000001088c6       0x6a binaries/lflread.o
                0x00000000001088c6                lflread
 .text          0x0000000000108930       0xb8 binaries/lflseek.o
                0x0000000000108930                lflseek
 .text          0x00000000001089e8       0x4e binaries/lflwrite.o
                0x00000000001089e8                lflwrite
 .text          0x0000000000108a36      0x11a binaries/lfsckfmt.o
                0x0000000000108a36                lfsckfmt
 .text          0x0000000000108b50      0x1bd binaries/lfscreate.o
                0x0000000000108b50                lfscreate
 .text          0x0000000000108d0d      0x1a4 binaries/lfsetup.o
                0x0000000000108d0d                lfsetup
 .text          0x0000000000108eb1       0x44 binaries/lfsinit.o
                0x0000000000108eb1                lfsinit
 .text          0x0000000000108ef5      0x303 binaries/lfsopen.o
                0x0000000000108ef5                lfsopen
 .text          0x00000000001091f8      0x11d binaries/lftruncate.o
                0x00000000001091f8                lftruncate
 .text          0x0000000000109315       0x69 binaries/rflclose.o
                0x0000000000109315                rflclose
 .text          0x000000000010937e       0x2b binaries/rflgetc.o
                0x000000000010937e                rflgetc
 .text          0x00000000001093a9       0x69 binaries/rflinit.o
                0x00000000001093a9                rflinit
 .text          0x0000000000109412       0x2c binaries/rflputc.o
                0x0000000000109412                rflputc
 .text          0x000000000010943e      0x2c8 binaries/rflread.o
                0x000000000010943e                rflread
 .text          0x0000000000109706       0x69 binaries/rflseek.o
                0x0000000000109706                rflseek
 .text          0x000000000010976f      0x2ec binaries/rflwrite.o
                0x000000000010976f                rflwrite
 .text          0x0000000000109a5b      0x17d binaries/rfscomm.o
                0x0000000000109a5b                rfscomm
 .text          0x0000000000109bd8      0x246 binaries/rfscontrol.o
                0x0000000000109bd8                rfscontrol
 .text          0x0000000000109e1e       0x7a binaries/rfsgetmode.o
                0x0000000000109e1e                rfsgetmode
 .text          0x0000000000109e98       0x7d binaries/rfsinit.o
                0x0000000000109e98                rfsinit
 .text          0x0000000000109f15       0xb7 binaries/rfsndmsg.o
                0x0000000000109f15                rfsndmsg
 .text          0x0000000000109fcc      0x24f binaries/rfsopen.o
                0x0000000000109fcc                rfsopen
 .text          0x000000000010a21b      0x619 binaries/arp.o
                0x000000000010a21b                arp_init
                0x000000000010a233                arp_alloc
                0x000000000010a2d7                arp_ntoh
                0x000000000010a341                arp_hton
                0x000000000010a3ab                arp_resolve
                0x000000000010a5fd                arp_in
 .text          0x000000000010a834      0x5a3 binaries/dhcp.o
                0x000000000010a834                dhcp_get_opt_val
                0x000000000010a887                dhcp_bld_bootp_msg
                0x000000000010a955                dhcp_bld_disc
                0x000000000010a9a5                dhcp_bld_req
                0x000000000010aa3f                getlocalip
 .text          0x000000000010add7       0xcc binaries/dot2ip.o
                0x000000000010add7                dot2ip
 .text          0x000000000010aea3      0x378 binaries/hexdump.o
                0x000000000010aea3                hexdump
                0x000000000010aff2                hexadump
 .text          0x000000000010b21b      0x6e6 binaries/icmp.o
                0x000000000010b21b                icmp_init
                0x000000000010b233                icmp_register
                0x000000000010b2f1                icmp_recv
                0x000000000010b494                icmp_mkpkt
                0x000000000010b565                icmp_in
                0x000000000010b6f9                icmp_send
                0x000000000010b768                icmp_release
                0x000000000010b880                icmp_cksum
                0x000000000010b8d9                icmp_hton
                0x000000000010b8ed                icmp_ntoh
 .text          0x000000000010b901      0x5d0 binaries/ip.o
                0x000000000010b901                ip_local
                0x000000000010b941                ipcksum
                0x000000000010b994                ip_ntoh
                0x000000000010b9fe                ip_in
                0x000000000010bb21                ip_hton
                0x000000000010bb8b                ip_out
                0x000000000010bc3e                ip_send
                0x000000000010bd49                ipout
                0x000000000010be39                ip_enqueue
 .text          0x000000000010bed1      0x1a8 binaries/net.o
                0x000000000010bed1                net_init
                0x000000000010bfc7                eth_hton
                0x000000000010bfd1                eth_ntoh
                0x000000000010bfdb                netin
 .text          0x000000000010c079       0xb3 binaries/netstart.o
                0x000000000010c079                netstart
 .text          0x000000000010c12c      0xa2d binaries/pdump.o
                0x000000000010c12c                pdump
                0x000000000010c710                pdumph
 .text          0x000000000010cb59      0x5bc binaries/tftp.o
                0x000000000010cb59                tftp_send1
                0x000000000010cc75                tftpget_mb
                0x000000000010d0ee                tftpget
 .text          0x000000000010d115      0xa03 binaries/udp.o
                0x000000000010d115                udp_init
                0x000000000010d152                udp_in
                0x000000000010d271                udp_register
                0x000000000010d38e                udp_recv
                0x000000000010d519                udp_recvaddr
                0x000000000010d6b8                udp_send
                0x000000000010d873                udp_sendto
                0x000000000010d9e6                udp_release
                0x000000000010daf0                udp_ntoh
                0x000000000010db04                udp_hton
 .text          0x000000000010db18      0x12f binaries/addargs.o
                0x000000000010db18                addargs
 .text          0x000000000010dc47      0x1e2 binaries/lexan.o
                0x000000000010dc47                lexan
 .text          0x000000000010de29      0x5b8 binaries/shell.o
                0x000000000010de29                shell
 .text          0x000000000010e3e1       0x57 binaries/xsh_argecho.o
                0x000000000010e3e1                xsh_argecho
 .text          0x000000000010e438      0x1ff binaries/xsh_arp.o
                0x000000000010e438                xsh_arp
 .text          0x000000000010e637      0x1f0 binaries/xsh_cat.o
                0x000000000010e637                xsh_cat
 .text          0x000000000010e827       0x54 binaries/xsh_clear.o
                0x000000000010e827                xsh_clear
 .text          0x000000000010e87b      0x29c binaries/xsh_date.o
                0x000000000010e87b                xsh_date
 .text          0x000000000010eb17       0x84 binaries/xsh_devdump.o
                0x000000000010eb17                xsh_devdump
 .text          0x000000000010eb9b       0x5e binaries/xsh_echo.o
                0x000000000010eb9b                xsh_echo
 .text          0x000000000010ebf9        0x6 binaries/xsh_exit.o
                0x000000000010ebf9                xsh_exit
 .text          0x000000000010ebff      0x32c binaries/xsh_help.o
                0x000000000010ebff                xsh_help
 .text          0x000000000010ef2b      0x37d binaries/xsh_ipaddr.o
                0x000000000010ef2b                xsh_ipaddr
 .text          0x000000000010f2a8      0x1c6 binaries/xsh_kill.o
                0x000000000010f2a8                xsh_kill
 .text          0x000000000010f46e      0x3d4 binaries/xsh_memdump.o
                0x000000000010f530                xsh_memdump
 .text          0x000000000010f842      0x1cd binaries/xsh_memstat.o
                0x000000000010f842                xsh_memstat
 .text          0x000000000010fa0f      0x2a3 binaries/xsh_ping.o
                0x000000000010fa0f                xsh_ping
 .text          0x000000000010fcb2      0x1a2 binaries/xsh_ps.o
                0x000000000010fcb2                xsh_ps
 .text          0x000000000010fe54      0x1b0 binaries/xsh_sleep.o
                0x000000000010fe54                xsh_sleep
 .text          0x0000000000110004      0x1cd binaries/xsh_udpdump.o
                0x0000000000110004                xsh_udpdump
 .text          0x00000000001101d1      0x3d4 binaries/xsh_udpecho.o
                0x00000000001101d1                xsh_udpecho
 .text          0x00000000001105a5      0x221 binaries/xsh_udpeserver.o
                0x00000000001105a5                xsh_udpeserver
 .text          0x00000000001107c6      0x1b6 binaries/xsh_uptime.o
                0x00000000001107c6                xsh_uptime
 .text          0x000000000011097c       0x93 binaries/allocate_bs.o
                0x000000000011097c                allocate_bs
 .text          0x0000000000110a0f      0x37f binaries/bs_map.o
                0x0000000000110a0f                do_bs_map
                0x0000000000110bb3                bs_map_check
                0x0000000000110d39                backing_store_remove_mappings_for_pid
 .text          0x0000000000110d8e       0x70 binaries/close_bs.o
                0x0000000000110d8e                close_bs
 .text          0x0000000000110dfe       0x9d binaries/deallocate_bs.o
                0x0000000000110dfe                deallocate_bs
 .text          0x0000000000110e9b       0x72 binaries/dump32.o
                0x0000000000110e9b                dump32
 .text          0x0000000000110f0d       0xc8 binaries/get_bs.o
                0x0000000000110f0d                get_bs
 .text          0x0000000000110fd5       0x70 binaries/open_bs.o
                0x0000000000110fd5                open_bs
 .text          0x0000000000111045      0x1b0 binaries/page_directory.o
                0x0000000000111045                retrieve_new_page_directory
                0x000000000011111e                free_page_directory
                0x0000000000111168                print_directory
 .text          0x00000000001111f5      0x9de binaries/page_frame.o
                0x00000000001111f5                initialize_frame
                0x0000000000111248                initialize_all_frames
                0x000000000011128d                print_frame
                0x00000000001112ee                print_fifo_list
                0x00000000001112ff                evict_from_fifo_list
                0x0000000000111350                incr_frame_refcount
                0x000000000011136e                decr_frame_refcount
                0x000000000011138c                free_frame
                0x00000000001116dc                evict_frame_using_aging
                0x0000000000111748                evict_frame_using_fifo
                0x000000000011179a                retrieve_new_frame
                0x000000000011187f                get_free_frame_count
                0x00000000001118be                frame_map_check
                0x0000000000111a80                frame_was_accessed
                0x0000000000111aff                update_frm_ages
                0x0000000000111b3c                inverted_pagetable_remove_mappings_for_pid
                0x0000000000111b8e                page_directory_frame_remove_mapping_for_pid
 .text          0x0000000000111bd3      0x2b3 binaries/page_table.o
                0x0000000000111bd3                initialize_global_pagetables
                0x0000000000111cf5                initialize_device_pagetable
                0x0000000000111ddd                retrieve_new_page_table
 .text          0x0000000000111e86      0x331 binaries/pagefault_handler.o
                0x0000000000111e86                get_faults
                0x0000000000111e8c                pagefault_handler
 .text          0x00000000001121b7      0x149 binaries/paging_register_setup.o
                0x00000000001121b7                read_cr0
                0x00000000001121e0                read_cr2
                0x0000000000112209                read_cr3
                0x0000000000112232                read_cr4
                0x000000000011225b                write_cr0
                0x0000000000112284                write_cr3
                0x00000000001122ad                write_cr4
                0x00000000001122d6                enable_paging
                0x00000000001122f0                switch_page_directory
 .text          0x0000000000112300      0x284 binaries/paging_tests.o
                0x0000000000112300                vcprocA
                0x0000000000112410                rpprocA
                0x000000000011246e                agingTest
                0x000000000011249d                maxPageTest
                0x0000000000112562                all_paging_tests
 .text          0x0000000000112584       0xcb binaries/psinit.o
                0x0000000000112584                psinit
 .text          0x000000000011264f      0x162 binaries/read_bs.o
                0x000000000011264f                read_bs
 .text          0x00000000001127b1       0xa5 binaries/release_bs.o
                0x00000000001127b1                release_bs
 .text          0x0000000000112856       0x34 binaries/srpolicy.o
                0x0000000000112856                srpolicy
 .text          0x000000000011288a      0x19f binaries/vcreate.o
                0x000000000011288a                vcreate
 .text          0x0000000000112a29      0x158 binaries/vfreemem.o
                0x0000000000112a29                vfreemem
 .text          0x0000000000112b81      0x150 binaries/vgetmem.o
                0x0000000000112b81                vgetmem
                0x0000000000112c91                printMemory
                0x0000000000112c92                addressTranslate
 .text          0x0000000000112cd1      0x134 binaries/write_bs.o
                0x0000000000112cd1                write_bs
 .text          0x0000000000112e05        0xe binaries/clkdisp.o
                0x0000000000112e05                clkdisp
 .text          0x0000000000112e13       0x19 binaries/ctxsw.o
                0x0000000000112e13                ctxsw
 .text          0x0000000000112e2c      0x36b binaries/intr.o
                0x0000000000112e2c                disable
                0x0000000000112e35                restore
                0x0000000000112e43                enable
                0x0000000000112e45                pause
                0x0000000000112e4c                halt
                0x0000000000112e52                spurious_irq7
                0x0000000000112e57                spurious_irq15
                0x0000000000112e66                _Xint0
                0x0000000000112e71                _Xint1
                0x0000000000112e7c                _Xint2
                0x0000000000112e87                _Xint3
                0x0000000000112e92                _Xint4
                0x0000000000112e9d                _Xint5
                0x0000000000112ea8                _Xint6
                0x0000000000112eb3                _Xint7
                0x0000000000112ebe                _Xint8
                0x0000000000112ec9                _Xint9
                0x0000000000112ed4                _Xint10
                0x0000000000112edf                _Xint11
                0x0000000000112eed                _Xint12
                0x0000000000112efb                _Xint13
                0x0000000000112f09                _Xint14
                0x0000000000112f17                _Xint15
                0x0000000000112f25                _Xint16
                0x0000000000112f33                _Xint17
                0x0000000000112f41                _Xint18
                0x0000000000112f4f                _Xint19
                0x0000000000112f5d                _Xint20
                0x0000000000112f6b                _Xint21
                0x0000000000112f79                _Xint22
                0x0000000000112f87                _Xint23
                0x0000000000112f95                _Xint24
                0x0000000000112fa3                _Xint25
                0x0000000000112fb1                _Xint26
                0x0000000000112fbf                _Xint27
                0x0000000000112fcd                _Xint28
                0x0000000000112fdb                _Xint29
                0x0000000000112fe9                _Xint30
                0x0000000000112ff7                _Xint31
                0x0000000000113005                _Xint32
                0x0000000000113013                _Xint33
                0x0000000000113021                _Xint34
                0x000000000011302f                _Xint35
                0x000000000011303d                _Xint36
                0x000000000011304b                _Xint37
                0x0000000000113059                _Xint38
                0x0000000000113067                _Xint39
                0x0000000000113075                _Xint40
                0x0000000000113083                _Xint41
                0x0000000000113091                _Xint42
                0x000000000011309f                _Xint43
                0x00000000001130ad                _Xint44
                0x00000000001130bb                _Xint45
                0x00000000001130c9                _Xint46
                0x00000000001130d7                defevec
 .text          0x0000000000113197        0xf binaries/ttydispatch.o
                0x0000000000113197                ttydispatch
 .text          0x00000000001131a6       0x13 binaries/ethdispatch.o
                0x00000000001131a6                ethdispatch
 .text          0x00000000001131b9       0x15 binaries/pagefault_interrupt.o
                0x00000000001131b9                error_code
                0x00000000001131bd                pagefault_interrupt
 *(.rodata .rodata.*)
 .rodata.str1.1
                0x00000000001131ce       0x54 binaries/ascdate.o
 *fill*         0x0000000000113222        0x2 
 .rodata.str1.4
                0x0000000000113224       0x22 binaries/ascdate.o
 .rodata.str1.1
                0x0000000000113246       0x5f binaries/conf.o
 *fill*         0x00000000001132a5        0x3 
 .rodata.str1.4
                0x00000000001132a8       0x4f binaries/early_imr.o
 *fill*         0x00000000001132f7        0x1 
 .rodata        0x00000000001132f8       0x33 binaries/early_imr.o
 .rodata.str1.1
                0x000000000011332b      0x20c binaries/evec.o
 *fill*         0x0000000000113537        0x1 
 .rodata.str1.4
                0x0000000000113538       0x23 binaries/evec.o
 .rodata.str1.1
                0x000000000011355b        0xb binaries/getutime.o
 *fill*         0x0000000000113566        0x2 
 .rodata.str1.4
                0x0000000000113568       0x54 binaries/getutime.o
 .rodata.str1.1
                0x00000000001135bc       0x38 binaries/hooks.o
 .rodata.str1.4
                0x00000000001135f4       0x50 binaries/hooks.o
 .rodata.str1.1
                0x0000000000113644       0x6b binaries/initialize.o
                                         0x6f (size before relaxing)
 *fill*         0x00000000001136af        0x1 
 .rodata.str1.4
                0x00000000001136b0       0xf6 binaries/initialize.o
 *fill*         0x00000000001137a6        0x2 
 .rodata        0x00000000001137a8       0x20 binaries/kill.o
 .rodata.str1.4
                0x00000000001137c8       0x21 binaries/main.o
 .rodata.str1.1
                0x00000000001137e9        0xf binaries/panic.o
 .rodata.str1.1
                0x00000000001137f8       0x1c binaries/ptinit.o
 .rodata.str1.4
                0x0000000000113814       0x25 binaries/ptsend.o
 .rodata.str1.1
                0x0000000000113839       0x22 binaries/quark_pdat.o
 *fill*         0x000000000011385b        0x1 
 .rodata.str1.4
                0x000000000011385c       0x63 binaries/stacktrace.o
 .rodata.str1.1
                0x00000000001138bf       0x52 binaries/stacktrace.o
 *fill*         0x0000000000113911        0x3 
 .rodata.str1.4
                0x0000000000113914       0x28 binaries/userret.o
 .rodata.str1.1
                0x000000000011393c       0x12 binaries/userret.o
                                         0x14 (size before relaxing)
 *fill*         0x000000000011394e        0x2 
 .rodata        0x0000000000113950        0x8 binaries/userret.o
 .rodata.str1.4
                0x0000000000113958       0x27 binaries/xdone.o
 *fill*         0x000000000011397f        0x1 
 .rodata        0x0000000000113980       0x81 binaries/ctype_.o
                0x0000000000113980                _ctype_
 .rodata.str1.1
                0x0000000000113a01       0x29 binaries/doprnt.o
 *fill*         0x0000000000113a2a        0x2 
 .rodata        0x0000000000113a2c       0xc4 binaries/doprnt.o
 .rodata        0x0000000000113af0       0x98 binaries/doscan.o
 .rodata.str1.1
                0x0000000000113b88       0x29 binaries/fdoprnt.o
 .rodata        0x0000000000113b88       0x84 binaries/fdoprnt.o
 .rodata        0x0000000000113c0c       0x20 binaries/ttycontrol.o
 .rodata.str1.4
                0x0000000000113c2c       0x4c binaries/naminit.o
 .rodata.str1.1
                0x0000000000113c78       0x32 binaries/naminit.o
                                         0x35 (size before relaxing)
 .rodata.str1.1
                0x0000000000113caa       0x15 binaries/ethinit.o
 *fill*         0x0000000000113cbf        0x1 
 .rodata.str1.4
                0x0000000000113cc0       0x2e binaries/ethinit.o
 *fill*         0x0000000000113cee        0x2 
 .rodata.str1.4
                0x0000000000113cf0       0x2c binaries/rdsbufalloc.o
 .rodata.str1.4
                0x0000000000113d1c       0x76 binaries/rdscomm.o
 *fill*         0x0000000000113d92        0x2 
 .rodata.str1.4
                0x0000000000113d94       0x48 binaries/rdscontrol.o
 .rodata.str1.4
                0x0000000000113ddc       0x5a binaries/rdsinit.o
 .rodata.str1.1
                0x0000000000113e36       0x10 binaries/rdsinit.o
 *fill*         0x0000000000113e46        0x2 
 .rodata.str1.4
                0x0000000000113e48       0x22 binaries/rdsopen.o
 *fill*         0x0000000000113e6a        0x2 
 .rodata.str1.4
                0x0000000000113e6c       0x4d binaries/rdsprocess.o
 .rodata.str1.1
                0x0000000000113eb9        0x9 binaries/raminit.o
 .rodata.str1.1
                0x0000000000113ec2       0x13 binaries/lfdballoc.o
 *fill*         0x0000000000113ed5        0x3 
 .rodata.str1.4
                0x0000000000113ed8       0x23 binaries/lfdballoc.o
 .rodata.str1.1
                0x0000000000113efb       0x14 binaries/lfiballoc.o
 *fill*         0x0000000000113f0f        0x1 
 .rodata.str1.4
                0x0000000000113f10       0x23 binaries/lflcontrol.o
 .rodata.str1.1
                0x0000000000113f33       0x64 binaries/lfsckfmt.o
 *fill*         0x0000000000113f97        0x1 
 .rodata.str1.4
                0x0000000000113f98       0x51 binaries/lfsckfmt.o
 *fill*         0x0000000000113fe9        0x3 
 .rodata.str1.4
                0x0000000000113fec       0x21 binaries/rflread.o
 .rodata.str1.4
                0x000000000011400d       0x21 binaries/rflwrite.o
 *fill*         0x000000000011400d        0x3 
 .rodata.str1.4
                0x0000000000114010       0x75 binaries/rfscomm.o
 *fill*         0x0000000000114085        0x3 
 .rodata.str1.4
                0x0000000000114088       0x23 binaries/rfscontrol.o
 *fill*         0x00000000001140ab        0x1 
 .rodata        0x00000000001140ac       0x18 binaries/rfscontrol.o
 .rodata.str1.1
                0x00000000001140c4       0x10 binaries/rfsinit.o
 .rodata.str1.4
                0x00000000001140c4       0x57 binaries/rfsinit.o
 *fill*         0x000000000011411b        0x1 
 .rodata.str1.4
                0x000000000011411c       0x2a binaries/rfsndmsg.o
 .rodata.str1.4
                0x0000000000114146       0x22 binaries/rfsopen.o
 .rodata.str1.1
                0x0000000000114146       0x19 binaries/arp.o
 *fill*         0x000000000011415f        0x1 
 .rodata.str1.4
                0x0000000000114160       0x21 binaries/arp.o
 *fill*         0x0000000000114181        0x3 
 .rodata.str1.4
                0x0000000000114184       0xa6 binaries/dhcp.o
 .rodata.str1.1
                0x000000000011422a       0x4a binaries/dhcp.o
 .rodata.str1.1
                0x0000000000114274       0x5a binaries/hexdump.o
                                         0x61 (size before relaxing)
 *fill*         0x00000000001142ce        0x2 
 .rodata.str1.4
                0x00000000001142d0       0x67 binaries/hexdump.o
 *fill*         0x0000000000114337        0x1 
 .rodata.str1.4
                0x0000000000114338       0x29 binaries/icmp.o
 .rodata.str1.1
                0x0000000000114361       0x4e binaries/ip.o
 *fill*         0x00000000001143af        0x1 
 .rodata.str1.4
                0x00000000001143b0       0x20 binaries/ip.o
 .rodata.str1.4
                0x00000000001143d0       0x28 binaries/net.o
 .rodata.str1.1
                0x00000000001143f8       0x27 binaries/net.o
 *fill*         0x000000000011441f        0x1 
 .rodata.str1.4
                0x0000000000114420       0xcf binaries/netstart.o
 .rodata.str1.1
                0x00000000001144ef      0x141 binaries/pdump.o
                                        0x14b (size before relaxing)
 .rodata.str1.4
                0x0000000000114630      0x126 binaries/pdump.o
 *fill*         0x0000000000114756        0x2 
 .rodata.str1.4
                0x0000000000114758      0x148 binaries/tftp.o
 .rodata.str1.1
                0x00000000001148a0        0x6 binaries/tftp.o
                                          0xa (size before relaxing)
 .rodata.str1.1
                0x00000000001148a6       0xe3 binaries/shell.o
                                         0xff (size before relaxing)
 *fill*         0x0000000000114989        0x3 
 .rodata.str1.4
                0x000000000011498c      0x1c4 binaries/shell.o
 *fill*         0x0000000000114b50       0x10 
 .rodata        0x0000000000114b60       0xfc binaries/shell.o
                0x0000000000114b60                cmdtab
 .rodata.str1.1
                0x0000000000114c5c       0x26 binaries/xsh_argecho.o
                                         0x28 (size before relaxing)
 .rodata.str1.1
                0x0000000000114c82       0x70 binaries/xsh_arp.o
                                         0x72 (size before relaxing)
 *fill*         0x0000000000114cf2        0x2 
 .rodata.str1.4
                0x0000000000114cf4       0xb4 binaries/xsh_arp.o
 .rodata.str1.1
                0x0000000000114da8       0x2d binaries/xsh_cat.o
                                         0x4f (size before relaxing)
 *fill*         0x0000000000114dd5        0x3 
 .rodata.str1.4
                0x0000000000114dd8       0x52 binaries/xsh_cat.o
                                         0x79 (size before relaxing)
 .rodata.str1.1
                0x0000000000114e2a       0x15 binaries/xsh_clear.o
 .rodata.str1.1
                0x0000000000114e3f       0x46 binaries/xsh_date.o
                                         0x5f (size before relaxing)
 *fill*         0x0000000000114e85        0x3 
 .rodata.str1.4
                0x0000000000114e88      0x163 binaries/xsh_date.o
 .rodata.str1.1
                0x0000000000114feb       0x5d binaries/xsh_devdump.o
 .rodata.str1.1
                0x0000000000115048        0x4 binaries/xsh_echo.o
                                          0x9 (size before relaxing)
 .rodata.str1.1
                0x000000000011504c       0x65 binaries/xsh_help.o
                                         0xa3 (size before relaxing)
 *fill*         0x00000000001150b1        0x3 
 .rodata.str1.4
                0x00000000001150b4       0x7c binaries/xsh_help.o
                                         0xc6 (size before relaxing)
 .rodata.str1.1
                0x0000000000115130       0x9c binaries/xsh_ipaddr.o
                                         0xf8 (size before relaxing)
 .rodata.str1.4
                0x00000000001151cc       0x4d binaries/xsh_ipaddr.o
                                         0x99 (size before relaxing)
 .rodata.str1.1
                0x0000000000115219       0x78 binaries/xsh_kill.o
                                         0x97 (size before relaxing)
 *fill*         0x0000000000115291        0x3 
 .rodata.str1.4
                0x0000000000115294       0x4a binaries/xsh_kill.o
                                         0x96 (size before relaxing)
 .rodata.str1.1
                0x00000000001152de       0x84 binaries/xsh_memdump.o
                                         0xa8 (size before relaxing)
 *fill*         0x0000000000115362        0x2 
 .rodata.str1.4
                0x0000000000115364      0x15a binaries/xsh_memdump.o
                                        0x1aa (size before relaxing)
 .rodata.str1.1
                0x00000000001154be       0x40 binaries/xsh_memstat.o
                                         0x79 (size before relaxing)
 *fill*         0x00000000001154fe        0x2 
 .rodata.str1.4
                0x0000000000115500      0x187 binaries/xsh_memstat.o
                                        0x1af (size before relaxing)
 .rodata.str1.1
                0x0000000000115687       0x90 binaries/xsh_ping.o
                                         0xaf (size before relaxing)
 *fill*         0x0000000000115717        0x1 
 .rodata.str1.4
                0x0000000000115718       0x77 binaries/xsh_ping.o
                                         0xc6 (size before relaxing)
 .rodata.str1.1
                0x000000000011578f       0x74 binaries/xsh_ps.o
                                         0xd5 (size before relaxing)
 *fill*         0x0000000000115803        0x1 
 .rodata.str1.4
                0x0000000000115804       0x80 binaries/xsh_ps.o
                                         0xd0 (size before relaxing)
 *fill*         0x0000000000115884       0x1c 
 .rodata        0x00000000001158a0       0x20 binaries/xsh_ps.o
 .rodata.str1.1
                0x00000000001158c0       0x31 binaries/xsh_sleep.o
                                         0x72 (size before relaxing)
 *fill*         0x00000000001158f1        0x3 
 .rodata.str1.4
                0x00000000001158f4       0x2a binaries/xsh_sleep.o
                                         0x7a (size before relaxing)
 .rodata.str1.1
                0x000000000011591e       0x6b binaries/xsh_udpdump.o
                                         0xd2 (size before relaxing)
 *fill*         0x0000000000115989        0x3 
 .rodata.str1.4
                0x000000000011598c       0x94 binaries/xsh_udpdump.o
                                         0xe4 (size before relaxing)
 .rodata.str1.1
                0x0000000000115a20       0xdb binaries/xsh_udpecho.o
                                         0xfa (size before relaxing)
 *fill*         0x0000000000115afb        0x1 
 .rodata.str1.4
                0x0000000000115afc       0xc7 binaries/xsh_udpecho.o
                                        0x116 (size before relaxing)
 .rodata.str1.1
                0x0000000000115bc3       0x66 binaries/xsh_udpeserver.o
                                         0x8f (size before relaxing)
 *fill*         0x0000000000115c29        0x3 
 .rodata.str1.4
                0x0000000000115c2c       0x29 binaries/xsh_udpeserver.o
                                         0x9f (size before relaxing)
 .rodata.str1.1
                0x0000000000115c55       0x49 binaries/xsh_uptime.o
                                         0x8c (size before relaxing)
 *fill*         0x0000000000115c9e        0x2 
 .rodata.str1.4
                0x0000000000115ca0       0x28 binaries/xsh_uptime.o
                                         0x76 (size before relaxing)
 .rodata.str1.4
                0x0000000000115cc8      0x16e binaries/bs_map.o
                                        0x196 (size before relaxing)
 .rodata.str1.1
                0x0000000000115e36        0x2 binaries/bs_map.o
 *fill*         0x0000000000115e36        0x2 
 .rodata        0x0000000000115e38       0x1a binaries/bs_map.o
 .rodata.str1.1
                0x0000000000115e52        0xb binaries/dump32.o
                                          0xd (size before relaxing)
 .rodata.str1.4
                0x0000000000115e5d       0x28 binaries/page_directory.o
 .rodata.str1.1
                0x0000000000115e5d       0x1c binaries/page_directory.o
                                         0x1e (size before relaxing)
 *fill*         0x0000000000115e79        0x3 
 .rodata        0x0000000000115e7c       0x10 binaries/page_directory.o
 .rodata.str1.4
                0x0000000000115e8c       0xff binaries/page_frame.o
                                        0x153 (size before relaxing)
 .rodata.str1.1
                0x0000000000115f8b       0x4b binaries/page_frame.o
                                         0x4d (size before relaxing)
 *fill*         0x0000000000115fd6        0x2 
 .rodata        0x0000000000115fd8       0x28 binaries/page_frame.o
 .rodata.str1.4
                0x0000000000116000       0xc7 binaries/page_table.o
                                         0xef (size before relaxing)
 .rodata.str1.1
                0x00000000001160c7       0x1d binaries/page_table.o
                                         0x1f (size before relaxing)
 .rodata        0x00000000001160e4       0x51 binaries/page_table.o
 *fill*         0x0000000000116135        0x3 
 .rodata.str1.4
                0x0000000000116138      0x160 binaries/pagefault_handler.o
                                        0x188 (size before relaxing)
 .rodata.str1.1
                0x0000000000116298        0x2 binaries/pagefault_handler.o
 .rodata        0x0000000000116298       0x12 binaries/pagefault_handler.o
 *fill*         0x00000000001162aa        0x2 
 .rodata.str1.4
                0x00000000001162ac       0xdc binaries/paging_tests.o
                                        0x104 (size before relaxing)
 .rodata.str1.1
                0x0000000000116388       0x65 binaries/paging_tests.o
                                         0x6d (size before relaxing)
 *fill*         0x00000000001163ed        0x3 
 .rodata        0x00000000001163f0       0x14 binaries/paging_tests.o
 .rodata.str1.1
                0x0000000000116404       0x2c binaries/psinit.o
 .rodata.str1.4
                0x0000000000116430       0x8a binaries/psinit.o
 .rodata.str1.1
                0x00000000001164ba       0x1c binaries/read_bs.o
 *fill*         0x00000000001164d6        0x2 
 .rodata.str1.4
                0x00000000001164d8       0x59 binaries/read_bs.o
 .rodata.str1.1
                0x0000000000116531       0x1c binaries/release_bs.o
 *fill*         0x0000000000116531        0x3 
 .rodata.str1.4
                0x0000000000116534       0x27 binaries/release_bs.o
 *fill*         0x000000000011655b        0x1 
 .rodata.str1.4
                0x000000000011655c       0x80 binaries/vcreate.o
                                         0xa8 (size before relaxing)
 .rodata.str1.1
                0x00000000001165dc       0x1b binaries/vcreate.o
                                         0x1d (size before relaxing)
 *fill*         0x00000000001165f7        0x1 
 .rodata        0x00000000001165f8        0x8 binaries/vcreate.o
 .rodata.str1.1
                0x0000000000116600       0x1c binaries/write_bs.o
 .rodata.str1.4
                0x0000000000116600       0x58 binaries/write_bs.o
                0x0000000000116658                etext = ABSOLUTE (.)
                0x0000000000117000                . = ALIGN (0x1000)
 *fill*         0x0000000000116658      0x9a8 

.eh_frame       0x0000000000117000     0x795c
 .eh_frame      0x0000000000117000       0x78 binaries/ascdate.o
 .eh_frame      0x0000000000117078       0x14 binaries/bufinit.o
                                         0x2c (size before relaxing)
 .eh_frame      0x000000000011708c       0x40 binaries/chprio.o
                                         0x58 (size before relaxing)
 .eh_frame      0x00000000001170cc       0x18 binaries/clkhandler.o
                                         0x30 (size before relaxing)
 .eh_frame      0x00000000001170e4       0x3c binaries/clkinit.o
                                         0x54 (size before relaxing)
 .eh_frame      0x0000000000117120       0x3c binaries/close.o
                                         0x54 (size before relaxing)
 .eh_frame      0x000000000011715c       0x44 binaries/control.o
                                         0x5c (size before relaxing)
 .eh_frame      0x00000000001171a0       0x5c binaries/create.o
                                         0x74 (size before relaxing)
 .eh_frame      0x00000000001171fc      0x148 binaries/early_imr.o
                                        0x160 (size before relaxing)
 .eh_frame      0x0000000000117344      0x1a8 binaries/evec.o
                                        0x1c0 (size before relaxing)
 .eh_frame      0x00000000001174ec       0x50 binaries/freebuf.o
                                         0x68 (size before relaxing)
 .eh_frame      0x000000000011753c       0x58 binaries/freemem.o
                                         0x70 (size before relaxing)
 .eh_frame      0x0000000000117594       0x40 binaries/getbuf.o
                                         0x58 (size before relaxing)
 .eh_frame      0x00000000001175d4       0x3c binaries/getc.o
                                         0x54 (size before relaxing)
 .eh_frame      0x0000000000117610       0x5c binaries/getdev.o
                                         0x74 (size before relaxing)
 .eh_frame      0x000000000011766c       0x4c binaries/getitem.o
                                         0x64 (size before relaxing)
 .eh_frame      0x00000000001176b8       0x50 binaries/getmem.o
                                         0x68 (size before relaxing)
 .eh_frame      0x0000000000117708       0x14 binaries/getpid.o
                                         0x2c (size before relaxing)
 .eh_frame      0x000000000011771c       0x34 binaries/getprio.o
                                         0x4c (size before relaxing)
 .eh_frame      0x0000000000117750       0x58 binaries/getstk.o
                                         0x70 (size before relaxing)
 .eh_frame      0x00000000001177a8       0x20 binaries/gettime.o
                                         0x38 (size before relaxing)
 .eh_frame      0x00000000001177c8       0x8c binaries/getutime.o
                                         0xa4 (size before relaxing)
 .eh_frame      0x0000000000117854       0x80 binaries/hooks.o
                                         0x98 (size before relaxing)
 .eh_frame      0x00000000001178d4       0x3c binaries/init.o
                                         0x54 (size before relaxing)
 .eh_frame      0x0000000000117910      0x138 binaries/initialize.o
                                        0x150 (size before relaxing)
 .eh_frame      0x0000000000117a48       0x24 binaries/insert.o
                                         0x3c (size before relaxing)
 .eh_frame      0x0000000000117a6c       0x38 binaries/insertd.o
                                         0x50 (size before relaxing)
 .eh_frame      0x0000000000117aa4       0x14 binaries/ioerr.o
                                         0x2c (size before relaxing)
 .eh_frame      0x0000000000117ab8       0x14 binaries/ionull.o
                                         0x2c (size before relaxing)
 .eh_frame      0x0000000000117acc       0x94 binaries/kill.o
                                         0xac (size before relaxing)
 .eh_frame      0x0000000000117b60       0x80 binaries/kprintf.o
                                         0x98 (size before relaxing)
 .eh_frame      0x0000000000117be0       0x24 binaries/main.o
                                         0x3c (size before relaxing)
 .eh_frame      0x0000000000117c04       0x4c binaries/mark.o
                                         0x64 (size before relaxing)
 .eh_frame      0x0000000000117c50       0x38 binaries/meminit.o
                                         0x50 (size before relaxing)
 .eh_frame      0x0000000000117c88       0x74 binaries/mkbufpool.o
                                         0x8c (size before relaxing)
 .eh_frame      0x0000000000117cfc       0x14 binaries/newqueue.o
                                         0x2c (size before relaxing)
 .eh_frame      0x0000000000117d10       0x44 binaries/open.o
                                         0x5c (size before relaxing)
 .eh_frame      0x0000000000117d54       0x20 binaries/panic.o
                                         0x38 (size before relaxing)
 .eh_frame      0x0000000000117d74       0xec binaries/pci.o
                                        0x104 (size before relaxing)
 .eh_frame      0x0000000000117e60       0x38 binaries/platinit.o
                                         0x50 (size before relaxing)
 .eh_frame      0x0000000000117e98       0x68 binaries/ptclear.o
                                         0x80 (size before relaxing)
 .eh_frame      0x0000000000117f00       0x50 binaries/ptcount.o
                                         0x68 (size before relaxing)
 .eh_frame      0x0000000000117f50       0x60 binaries/ptcreate.o
                                         0x78 (size before relaxing)
 .eh_frame      0x0000000000117fb0       0x44 binaries/ptdelete.o
                                         0x5c (size before relaxing)
 .eh_frame      0x0000000000117ff4       0x3c binaries/ptinit.o
                                         0x54 (size before relaxing)
 .eh_frame      0x0000000000118030       0x54 binaries/ptrecv.o
                                         0x6c (size before relaxing)
 .eh_frame      0x0000000000118084       0x44 binaries/ptreset.o
                                         0x5c (size before relaxing)
 .eh_frame      0x00000000001180c8       0x5c binaries/ptsend.o
                                         0x74 (size before relaxing)
 .eh_frame      0x0000000000118124       0x44 binaries/putc.o
                                         0x5c (size before relaxing)
 .eh_frame      0x0000000000118168       0x60 binaries/quark_irq.o
                                         0x78 (size before relaxing)
 .eh_frame      0x00000000001181c8       0xd0 binaries/quark_pdat.o
                                         0xe8 (size before relaxing)
 .eh_frame      0x0000000000118298       0x34 binaries/queue.o
                                         0x4c (size before relaxing)
 .eh_frame      0x00000000001182cc       0x44 binaries/read.o
                                         0x5c (size before relaxing)
 .eh_frame      0x0000000000118310       0x28 binaries/ready.o
                                         0x40 (size before relaxing)
 .eh_frame      0x0000000000118338       0x38 binaries/receive.o
                                         0x50 (size before relaxing)
 .eh_frame      0x0000000000118370       0x28 binaries/recvclr.o
                                         0x40 (size before relaxing)
 .eh_frame      0x0000000000118398       0x50 binaries/recvtime.o
                                         0x68 (size before relaxing)
 .eh_frame      0x00000000001183e8       0x6c binaries/resched.o
                                         0x84 (size before relaxing)
 .eh_frame      0x0000000000118454       0x48 binaries/resume.o
                                         0x60 (size before relaxing)
 .eh_frame      0x000000000011849c       0x40 binaries/seek.o
                                         0x58 (size before relaxing)
 .eh_frame      0x00000000001184dc       0x34 binaries/semcount.o
                                         0x4c (size before relaxing)
 .eh_frame      0x0000000000118510       0x40 binaries/semcreate.o
                                         0x58 (size before relaxing)
 .eh_frame      0x0000000000118550       0x5c binaries/semdelete.o
                                         0x74 (size before relaxing)
 .eh_frame      0x00000000001185ac       0x68 binaries/semreset.o
                                         0x80 (size before relaxing)
 .eh_frame      0x0000000000118614       0x58 binaries/send.o
                                         0x70 (size before relaxing)
 .eh_frame      0x000000000011866c       0x50 binaries/signal.o
                                         0x68 (size before relaxing)
 .eh_frame      0x00000000001186bc       0x5c binaries/signaln.o
                                         0x74 (size before relaxing)
 .eh_frame      0x0000000000118718       0x74 binaries/sleep.o
                                         0x8c (size before relaxing)
 .eh_frame      0x000000000011878c       0x9c binaries/stacktrace.o
                                         0xb4 (size before relaxing)
 .eh_frame      0x0000000000118828       0x50 binaries/suspend.o
                                         0x68 (size before relaxing)
 .eh_frame      0x0000000000118878       0x44 binaries/unsleep.o
                                         0x5c (size before relaxing)
 .eh_frame      0x00000000001188bc       0x20 binaries/userret.o
                                         0x38 (size before relaxing)
 .eh_frame      0x00000000001188dc       0x50 binaries/wait.o
                                         0x68 (size before relaxing)
 .eh_frame      0x000000000011892c       0x2c binaries/wakeup.o
                                         0x44 (size before relaxing)
 .eh_frame      0x0000000000118958       0x44 binaries/write.o
                                         0x5c (size before relaxing)
 .eh_frame      0x000000000011899c       0x1c binaries/xdone.o
                                         0x34 (size before relaxing)
 .eh_frame      0x00000000001189b8       0x28 binaries/yield.o
                                         0x40 (size before relaxing)
 .eh_frame      0x00000000001189e0       0x14 binaries/abs.o
                                         0x2c (size before relaxing)
 .eh_frame      0x00000000001189f4       0x24 binaries/atoi.o
                                         0x3c (size before relaxing)
 .eh_frame      0x0000000000118a18       0x24 binaries/atol.o
                                         0x3c (size before relaxing)
 .eh_frame      0x0000000000118a3c       0x14 binaries/bzero.o
                                         0x2c (size before relaxing)
 .eh_frame      0x0000000000118a50      0x130 binaries/doprnt.o
                                        0x148 (size before relaxing)
 .eh_frame      0x0000000000118b80      0x104 binaries/doscan.o
                                        0x11c (size before relaxing)
 .eh_frame      0x0000000000118c84      0x110 binaries/fdoprnt.o
                                        0x128 (size before relaxing)
 .eh_frame      0x0000000000118d94       0x20 binaries/fgetc.o
                                         0x38 (size before relaxing)
 .eh_frame      0x0000000000118db4       0x44 binaries/fgets.o
                                         0x5c (size before relaxing)
 .eh_frame      0x0000000000118df8       0x24 binaries/fprintf.o
                                         0x3c (size before relaxing)
 .eh_frame      0x0000000000118e1c       0x20 binaries/fputc.o
                                         0x38 (size before relaxing)
 .eh_frame      0x0000000000118e3c       0x38 binaries/fputs.o
                                         0x50 (size before relaxing)
 .eh_frame      0x0000000000118e74       0x6c binaries/fscanf.o
                                         0x84 (size before relaxing)
 .eh_frame      0x0000000000118ee0       0x1c binaries/getchar.o
                                         0x34 (size before relaxing)
 .eh_frame      0x0000000000118efc       0x14 binaries/labs.o
                                         0x2c (size before relaxing)
 .eh_frame      0x0000000000118f10       0x14 binaries/memchr.o
                                         0x2c (size before relaxing)
 .eh_frame      0x0000000000118f24       0x24 binaries/memcmp.o
                                         0x3c (size before relaxing)
 .eh_frame      0x0000000000118f48       0x24 binaries/memcpy.o
                                         0x3c (size before relaxing)
 .eh_frame      0x0000000000118f6c       0x1c binaries/memset.o
                                         0x34 (size before relaxing)
 .eh_frame      0x0000000000118f88       0x24 binaries/printf.o
                                         0x3c (size before relaxing)
 .eh_frame      0x0000000000118fac       0x20 binaries/putchar.o
                                         0x38 (size before relaxing)
 .eh_frame      0x0000000000118fcc       0xc0 binaries/qsort.o
                                         0xd8 (size before relaxing)
 .eh_frame      0x000000000011908c       0x28 binaries/rand.o
                                         0x40 (size before relaxing)
 .eh_frame      0x00000000001190b4       0x48 binaries/sprintf.o
                                         0x60 (size before relaxing)
 .eh_frame      0x00000000001190fc       0x54 binaries/sscanf.o
                                         0x6c (size before relaxing)
 .eh_frame      0x0000000000119150       0x1c binaries/strchr.o
                                         0x34 (size before relaxing)
 .eh_frame      0x000000000011916c       0x1c binaries/strcmp.o
                                         0x34 (size before relaxing)
 .eh_frame      0x0000000000119188       0x14 binaries/strcpy.o
                                         0x2c (size before relaxing)
 .eh_frame      0x000000000011919c       0x14 binaries/strlen.o
                                         0x2c (size before relaxing)
 .eh_frame      0x00000000001191b0       0x2c binaries/strncat.o
                                         0x44 (size before relaxing)
 .eh_frame      0x00000000001191dc       0x1c binaries/strncmp.o
                                         0x34 (size before relaxing)
 .eh_frame      0x00000000001191f8       0x30 binaries/strncpy.o
                                         0x48 (size before relaxing)
 .eh_frame      0x0000000000119228       0x1c binaries/strnlen.o
                                         0x34 (size before relaxing)
 .eh_frame      0x0000000000119244       0x1c binaries/strrchr.o
                                         0x34 (size before relaxing)
 .eh_frame      0x0000000000119260       0x38 binaries/strstr.o
                                         0x50 (size before relaxing)
 .eh_frame      0x0000000000119298       0x48 binaries/ttycontrol.o
                                         0x60 (size before relaxing)
 .eh_frame      0x00000000001192e0       0x38 binaries/ttygetc.o
                                         0x50 (size before relaxing)
 .eh_frame      0x0000000000119318       0xd8 binaries/ttyhandle_in.o
                                         0xf0 (size before relaxing)
 .eh_frame      0x00000000001193f0       0x64 binaries/ttyhandle_out.o
                                         0x7c (size before relaxing)
 .eh_frame      0x0000000000119454       0x54 binaries/ttyhandler.o
                                         0x6c (size before relaxing)
 .eh_frame      0x00000000001194a8       0x48 binaries/ttyinit.o
                                         0x60 (size before relaxing)
 .eh_frame      0x00000000001194f0       0x14 binaries/ttykickout.o
                                         0x2c (size before relaxing)
 .eh_frame      0x0000000000119504       0x58 binaries/ttyputc.o
                                         0x70 (size before relaxing)
 .eh_frame      0x000000000011955c       0x60 binaries/ttyread.o
                                         0x78 (size before relaxing)
 .eh_frame      0x00000000001195bc       0x38 binaries/ttywrite.o
                                         0x50 (size before relaxing)
 .eh_frame      0x00000000001195f4       0x78 binaries/mount.o
                                         0x90 (size before relaxing)
 .eh_frame      0x000000000011966c       0xe4 binaries/naminit.o
                                         0xfc (size before relaxing)
 .eh_frame      0x0000000000119750       0xe8 binaries/nammap.o
                                        0x100 (size before relaxing)
 .eh_frame      0x0000000000119838       0x3c binaries/namopen.o
                                         0x54 (size before relaxing)
 .eh_frame      0x0000000000119874       0x3c binaries/colon2mac.o
                                         0x54 (size before relaxing)
[...]
 .comment       0x000000000000002a       0x2b binaries/vcreate.o
 .comment       0x000000000000002a       0x2b binaries/vfreemem.o
 .comment       0x000000000000002a       0x2b binaries/vgetmem.o
 .comment       0x000000000000002a       0x2b binaries/write_bs.o

.note.GNU-stack
                0x0000000000000000        0x0
 .note.GNU-stack
                0x0000000000000000        0x0 binaries/ascdate.o
 .note.GNU-stack
                0x0000000000000000        0x0 binaries/bufinit.o
 .note.GNU-stack
                0x0000000000000000        0x0 binaries/chprio.o
 .note.GNU-stack
                0x0000000000000000        0x0 binaries/clkhandler.o
 .note.GNU-stack
                0x0000000000000000        0x0 binaries/clkinit.o
 .note.GNU-stack
                0x0000000000000000        0x0 binaries/close.o
 .note.GNU-stack
                0x0000000000000000        0x0 binaries/conf.o
 .note.GNU-stack
                0x0000000000000000        0x0 binaries/control.o
 .note.GNU-stack
                0x0000000000000000        0x0 binaries/create.o
 .note.GNU-stack
                0x0000000000000000        0x0 binaries/early_imr.o
 .note.GNU-stack
                0x0000000000000000        0x0 binaries/evec.o
 .note.GNU-stack
                0x0000000000000000        0x0 binaries/freebuf.o
 .note.GNU-stack
                0x0000000000000000        0x0 binaries/freemem.o
 .note.GNU-stack
                0x0000000000000000        0x0 binaries/getbuf.o
 .note.GNU-stack
                0x0000000000000000        0x0 binaries/getc.o
 .note.GNU-stack
                0x0000000000000000        0x0 binaries/getdev.o
 .note.GNU-stack
                0x0000000000000000        0x0 binaries/getitem.o
 .note.GNU-stack
                0x0000000000000000        0x0 binaries/getmem.o
 .note.GNU-stack
                0x0000000000000000        0x0 binaries/getpid.o
 .note.GNU-stack
                0x0000000000000000        0x0 binaries/getprio.o
 .note.GNU-stack
                0x0000000000000000        0x0 binaries/getstk.o
 .note.GNU-stack
                0x0000000000000000        0x0 binaries/gettime.o
 .note.GNU-stack
                0x0000000000000000        0x0 binaries/getutime.o
 .note.GNU-stack
                0x0000000000000000        0x0 binaries/hooks.o
 .note.GNU-stack
                0x0000000000000000        0x0 binaries/init.o
 .note.GNU-stack
                0x0000000000000000        0x0 binaries/initialize.o
 .note.GNU-stack
                0x0000000000000000        0x0 binaries/insert.o
 .note.GNU-stack
                0x0000000000000000        0x0 binaries/insertd.o
 .note.GNU-stack
                0x0000000000000000        0x0 binaries/ioerr.o
 .note.GNU-stack
                0x0000000000000000        0x0 binaries/ionull.o
 .note.GNU-stack
                0x0000000000000000        0x0 binaries/kill.o
 .note.GNU-stack
                0x0000000000000000        0x0 binaries/kprintf.o
 .note.GNU-stack
                0x0000000000000000        0x0 binaries/main.o
 .note.GNU-stack
                0x0000000000000000        0x0 binaries/mark.o
 .note.GNU-stack
                0x0000000000000000        0x0 binaries/meminit.o
 .note.GNU-stack
                0x0000000000000000        0x0 binaries/mkbufpool.o
 .note.GNU-stack
                0x0000000000000000        0x0 binaries/newqueue.o
 .note.GNU-stack
                0x0000000000000000        0x0 binaries/open.o
 .note.GNU-stack
                0x0000000000000000        0x0 binaries/panic.o
 .note.GNU-stack
                0x0000000000000000        0x0 binaries/pci.o
 .note.GNU-stack
                0x0000000000000000        0x0 binaries/platinit.o
 .note.GNU-stack
                0x0000000000000000        0x0 binaries/ptclear.o
 .note.GNU-stack
                0x0000000000000000        0x0 binaries/ptcount.o
 .note.GNU-stack
                0x0000000000000000        0x0 binaries/ptcreate.o
 .note.GNU-stack
                0x0000000000000000        0x0 binaries/ptdelete.o
 .note.GNU-stack
                0x0000000000000000        0x0 binaries/ptinit.o
 .note.GNU-stack
                0x0000000000000000        0x0 binaries/ptrecv.o
 .note.GNU-stack
                0x0000000000000000        0x0 binaries/ptreset.o
 .note.GNU-stack
                0x0000000000000000        0x0 binaries/ptsend.o
 .note.GNU-stack
                0x0000000000000000        0x0 binaries/putc.o
 .note.GNU-stack
                0x0000000000000000        0x0 binaries/quark_irq.o
 .note.GNU-stack
                0x0000000000000000        0x0 binaries/quark_pdat.o
 .note.GNU-stack
                0x0000000000000000        0x0 binaries/queue.o
 .note.GNU-stack
                0x0000000000000000        0x0 binaries/read.o
 .note.GNU-stack
                0x0000000000000000        0x0 binaries/ready.o
 .note.GNU-stack
                0x0000000000000000        0x0 binaries/receive.o
 .note.GNU-stack
                0x0000000000000000        0x0 binaries/recvclr.o
 .note.GNU-stack
                0x0000000000000000        0x0 binaries/recvtime.o
 .note.GNU-stack
                0x0000000000000000        0x0 binaries/resched.o
 .note.GNU-stack
                0x0000000000000000        0x0 binaries/resume.o
 .note.GNU-stack
                0x0000000000000000        0x0 binaries/seek.o
 .note.GNU-stack
                0x0000000000000000        0x0 binaries/semcount.o
 .note.GNU-stack
                0x0000000000000000        0x0 binaries/semcreate.o
 .note.GNU-stack
                0x0000000000000000        0x0 binaries/semdelete.o
 .note.GNU-stack
                0x0000000000000000        0x0 binaries/semreset.o
 .note.GNU-stack
                0x0000000000000000        0x0 binaries/send.o
 .note.GNU-stack
                0x0000000000000000        0x0 binaries/signal.o
 .note.GNU-stack
                0x0000000000000000        0x0 binaries/signaln.o
 .note.GNU-stack
                0x0000000000000000        0x0 binaries/sleep.o
 .note.GNU-stack
                0x0000000000000000        0x0 binaries/stacktrace.o
 .note.GNU-stack
                0x0000000000000000        0x0 binaries/suspend.o
 .note.GNU-stack
                0x0000000000000000        0x0 binaries/unsleep.o
 .note.GNU-stack
                0x0000000000000000        0x0 binaries/userret.o
 .note.GNU-stack
                0x0000000000000000        0x0 binaries/wait.o
 .note.GNU-stack
                0x0000000000000000        0x0 binaries/wakeup.o
 .note.GNU-stack
                0x0000000000000000        0x0 binaries/write.o
 .note.GNU-stack
                0x0000000000000000        0x0 binaries/xdone.o
 .note.GNU-stack
                0x0000000000000000        0x0 binaries/yield.o
 .note.GNU-stack
                0x0000000000000000        0x0 binaries/abs.o
 .note.GNU-stack
                0x0000000000000000        0x0 binaries/atoi.o
 .note.GNU-stack
                0x0000000000000000        0x0 binaries/atol.o
 .note.GNU-stack
                0x0000000000000000        0x0 binaries/bzero.o
 .note.GNU-stack
                0x0000000000000000        0x0 binaries/ctype_.o
 .note.GNU-stack
                0x0000000000000000        0x0 binaries/doprnt.o
 .note.GNU-stack
                0x0000000000000000        0x0 binaries/doscan.o
 .note.GNU-stack
                0x0000000000000000        0x0 binaries/fdoprnt.o
 .note.GNU-stack
                0x0000000000000000        0x0 binaries/fgetc.o
 .note.GNU-stack
                0x0000000000000000        0x0 binaries/fgets.o
 .note.GNU-stack
                0x0000000000000000        0x0 binaries/fprintf.o
 .note.GNU-stack
                0x0000000000000000        0x0 binaries/fputc.o
 .note.GNU-stack
                0x0000000000000000        0x0 binaries/fputs.o
 .note.GNU-stack
                0x0000000000000000        0x0 binaries/fscanf.o
 .note.GNU-stack
                0x0000000000000000        0x0 binaries/getchar.o
 .note.GNU-stack
                0x0000000000000000        0x0 binaries/labs.o
 .note.GNU-stack
                0x0000000000000000        0x0 binaries/memchr.o
 .note.GNU-stack
                0x0000000000000000        0x0 binaries/memcmp.o
 .note.GNU-stack
                0x0000000000000000        0x0 binaries/memcpy.o
 .note.GNU-stack
                0x0000000000000000        0x0 binaries/memset.o
 .note.GNU-stack
                0x0000000000000000        0x0 binaries/printf.o
 .note.GNU-stack
                0x0000000000000000        0x0 binaries/putchar.o
 .note.GNU-stack
                0x0000000000000000        0x0 binaries/qsort.o
 .note.GNU-stack
                0x0000000000000000        0x0 binaries/rand.o
 .note.GNU-stack
                0x0000000000000000        0x0 binaries/sprintf.o
 .note.GNU-stack
                0x0000000000000000        0x0 binaries/sscanf.o
 .note.GNU-stack
                0x0000000000000000        0x0 binaries/strchr.o
 .note.GNU-stack
                0x0000000000000000        0x0 binaries/strcmp.o
 .note.GNU-stack
                0x0000000000000000        0x0 binaries/strcpy.o
 .note.GNU-stack
                0x0000000000000000        0x0 binaries/strlen.o
 .note.GNU-stack
                0x0000000000000000        0x0 binaries/strncat.o
 .note.GNU-stack
                0x0000000000000000        0x0 binaries/strncmp.o
 .note.GNU-stack
                0x0000000000000000        0x0 binaries/strncpy.o
 .note.GNU-stack
                0x0000000000000000        0x0 binaries/strnlen.o
 .note.GNU-stack
                0x0000000000000000        0x0 binaries/strrchr.o
 .note.GNU-stack
                0x0000000000000000        0x0 binaries/strstr.o
 .note.GNU-stack
                0x0000000000000000        0x0 binaries/ttycontrol.o
 .note.GNU-stack
                0x0000000000000000        0x0 binaries/ttygetc.o
 .note.GNU-stack
                0x0000000000000000        0x0 binaries/ttyhandle_in.o
 .note.GNU-stack
                0x0000000000000000        0x0 binaries/ttyhandle_out.o
 .note.GNU-stack
                0x0000000000000000        0x0 binaries/ttyhandler.o
 .note.GNU-stack
                0x0000000000000000        0x0 binaries/ttyinit.o
 .note.GNU-stack
                0x0000000000000000        0x0 binaries/ttykickout.o
 .note.GNU-stack
                0x0000000000000000        0x0 binaries/ttyputc.o
 .note.GNU-stack
                0x0000000000000000        0x0 binaries/ttyread.o
 .note.GNU-stack
                0x0000000000000000        0x0 binaries/ttywrite.o
 .note.GNU-stack
                0x0000000000000000        0x0 binaries/mount.o
 .note.GNU-stack
                0x0000000000000000        0x0 binaries/naminit.o
 .note.GNU-stack
                0x0000000000000000        0x0 binaries/nammap.o
 .note.GNU-stack
                0x0000000000000000        0x0 binaries/namopen.o
 .note.GNU-stack
                0x0000000000000000        0x0 binaries/colon2mac.o
 .note.GNU-stack
                0x0000000000000000        0x0 binaries/ethcontrol.o
 .note.GNU-stack
                0x0000000000000000        0x0 binaries/ethhandler.o
 .note.GNU-stack
                0x0000000000000000        0x0 binaries/ethinit.o
 .note.GNU-stack
                0x0000000000000000        0x0 binaries/ethmcast.o
 .note.GNU-stack
                0x0000000000000000        0x0 binaries/ethread.o
 .note.GNU-stack
                0x0000000000000000        0x0 binaries/ethwrite.o
 .note.GNU-stack
                0x0000000000000000        0x0 binaries/rdsbufalloc.o
 .note.GNU-stack
                0x0000000000000000        0x0 binaries/rdsclose.o
 .note.GNU-stack
                0x0000000000000000        0x0 binaries/rdscomm.o
 .note.GNU-stack
                0x0000000000000000        0x0 binaries/rdscontrol.o
 .note.GNU-stack
                0x0000000000000000        0x0 binaries/rdsinit.o
 .note.GNU-stack
                0x0000000000000000        0x0 binaries/rdsopen.o
 .note.GNU-stack
                0x0000000000000000        0x0 binaries/rdsprocess.o
 .note.GNU-stack
                0x0000000000000000        0x0 binaries/rdsread.o
 .note.GNU-stack
                0x0000000000000000        0x0 binaries/rdswrite.o
 .note.GNU-stack
                0x0000000000000000        0x0 binaries/ramclose.o
 .note.GNU-stack
                0x0000000000000000        0x0 binaries/raminit.o
 .note.GNU-stack
                0x0000000000000000        0x0 binaries/ramopen.o
 .note.GNU-stack
                0x0000000000000000        0x0 binaries/ramread.o
 .note.GNU-stack
                0x0000000000000000        0x0 binaries/ramwrite.o
 .note.GNU-stack
                0x0000000000000000        0x0 binaries/lfdballoc.o
 .note.GNU-stack
                0x0000000000000000        0x0 binaries/lfdbfree.o
 .note.GNU-stack
                0x0000000000000000        0x0 binaries/lfflush.o
 .note.GNU-stack
                0x0000000000000000        0x0 binaries/lfgetmode.o
 .note.GNU-stack
                0x0000000000000000        0x0 binaries/lfiballoc.o
 .note.GNU-stack
                0x0000000000000000        0x0 binaries/lfibclear.o
 .note.GNU-stack
                0x0000000000000000        0x0 binaries/lfibget.o
 .note.GNU-stack
                0x0000000000000000        0x0 binaries/lfibput.o
 .note.GNU-stack
                0x0000000000000000        0x0 binaries/lflclose.o
 .note.GNU-stack
                0x0000000000000000        0x0 binaries/lflcontrol.o
 .note.GNU-stack
                0x0000000000000000        0x0 binaries/lflgetc.o
 .note.GNU-stack
                0x0000000000000000        0x0 binaries/lflinit.o
 .note.GNU-stack
                0x0000000000000000        0x0 binaries/lflputc.o
 .note.GNU-stack
                0x0000000000000000        0x0 binaries/lflread.o
 .note.GNU-stack
                0x0000000000000000        0x0 binaries/lflseek.o
 .note.GNU-stack
                0x0000000000000000        0x0 binaries/lflwrite.o
 .note.GNU-stack
                0x0000000000000000        0x0 binaries/lfsckfmt.o
 .note.GNU-stack
                0x0000000000000000        0x0 binaries/lfscreate.o
 .note.GNU-stack
                0x0000000000000000        0x0 binaries/lfsetup.o
 .note.GNU-stack
                0x0000000000000000        0x0 binaries/lfsinit.o
 .note.GNU-stack
                0x0000000000000000        0x0 binaries/lfsopen.o
 .note.GNU-stack
                0x0000000000000000        0x0 binaries/lftruncate.o
 .note.GNU-stack
                0x0000000000000000        0x0 binaries/rflclose.o
 .note.GNU-stack
                0x0000000000000000        0x0 binaries/rflgetc.o
 .note.GNU-stack
                0x0000000000000000        0x0 binaries/rflinit.o
 .note.GNU-stack
                0x0000000000000000        0x0 binaries/rflputc.o
 .note.GNU-stack
                0x0000000000000000        0x0 binaries/rflread.o
 .note.GNU-stack
                0x0000000000000000        0x0 binaries/rflseek.o
 .note.GNU-stack
                0x0000000000000000        0x0 binaries/rflwrite.o
 .note.GNU-stack
                0x0000000000000000        0x0 binaries/rfscomm.o
 .note.GNU-stack
                0x0000000000000000        0x0 binaries/rfscontrol.o
 .note.GNU-stack
                0x0000000000000000        0x0 binaries/rfsgetmode.o
 .note.GNU-stack
                0x0000000000000000        0x0 binaries/rfsinit.o
 .note.GNU-stack
                0x0000000000000000        0x0 binaries/rfsndmsg.o
 .note.GNU-stack
                0x0000000000000000        0x0 binaries/rfsopen.o
 .note.GNU-stack
                0x0000000000000000        0x0 binaries/arp.o
 .note.GNU-stack
                0x0000000000000000        0x0 binaries/dhcp.o
 .note.GNU-stack
                0x0000000000000000        0x0 binaries/dot2ip.o
 .note.GNU-stack
                0x0000000000000000        0x0 binaries/hexdump.o
 .note.GNU-stack
                0x0000000000000000        0x0 binaries/icmp.o
 .note.GNU-stack
                0x0000000000000000        0x0 binaries/ip.o
 .note.GNU-stack
                0x0000000000000000        0x0 binaries/net.o
 .note.GNU-stack
                0x0000000000000000        0x0 binaries/netstart.o
 .note.GNU-stack
                0x0000000000000000        0x0 binaries/pdump.o
 .note.GNU-stack
                0x0000000000000000        0x0 binaries/tftp.o
 .note.GNU-stack
                0x0000000000000000        0x0 binaries/udp.o
 .note.GNU-stack
                0x0000000000000000        0x0 binaries/addargs.o
 .note.GNU-stack
                0x0000000000000000        0x0 binaries/lexan.o
 .note.GNU-stack
                0x0000000000000000        0x0 binaries/shell.o
 .note.GNU-stack
                0x0000000000000000        0x0 binaries/xsh_argecho.o
 .note.GNU-stack
                0x0000000000000000        0x0 binaries/xsh_arp.o
 .note.GNU-stack
                0x0000000000000000        0x0 binaries/xsh_cat.o
 .note.GNU-stack
                0x0000000000000000        0x0 binaries/xsh_clear.o
 .note.GNU-stack
                0x0000000000000000        0x0 binaries/xsh_date.o
 .note.GNU-stack
                0x0000000000000000        0x0 binaries/xsh_devdump.o
 .note.GNU-stack
                0x0000000000000000        0x0 binaries/xsh_echo.o
 .note.GNU-stack
                0x0000000000000000        0x0 binaries/xsh_exit.o
 .note.GNU-stack
                0x0000000000000000        0x0 binaries/xsh_help.o
 .note.GNU-stack
                0x0000000000000000        0x0 binaries/xsh_ipaddr.o
 .note.GNU-stack
                0x0000000000000000        0x0 binaries/xsh_kill.o
 .note.GNU-stack
                0x0000000000000000        0x0 binaries/xsh_memdump.o
 .note.GNU-stack
                0x0000000000000000        0x0 binaries/xsh_memstat.o
 .note.GNU-stack
                0x0000000000000000        0x0 binaries/xsh_ping.o
 .note.GNU-stack
                0x0000000000000000        0x0 binaries/xsh_ps.o
 .note.GNU-stack
                0x0000000000000000        0x0 binaries/xsh_sleep.o
 .note.GNU-stack
                0x0000000000000000        0x0 binaries/xsh_udpdump.o
 .note.GNU-stack
                0x0000000000000000        0x0 binaries/xsh_udpecho.o
 .note.GNU-stack
                0x0000000000000000        0x0 binaries/xsh_udpeserver.o
 .note.GNU-stack
                0x0000000000000000        0x0 binaries/xsh_uptime.o
 .note.GNU-stack
                0x0000000000000000        0x0 binaries/allocate_bs.o
 .note.GNU-stack
                0x0000000000000000        0x0 binaries/bs_map.o
 .note.GNU-stack
                0x0000000000000000        0x0 binaries/close_bs.o
 .note.GNU-stack
                0x0000000000000000        0x0 binaries/deallocate_bs.o
 .note.GNU-stack
                0x0000000000000000        0x0 binaries/dump32.o
 .note.GNU-stack
                0x0000000000000000        0x0 binaries/get_bs.o
 .note.GNU-stack
                0x0000000000000000        0x0 binaries/open_bs.o
 .note.GNU-stack
                0x0000000000000000        0x0 binaries/page_directory.o
 .note.GNU-stack
                0x0000000000000000        0x0 binaries/page_frame.o
 .note.GNU-stack
                0x0000000000000000        0x0 binaries/page_table.o
 .note.GNU-stack
                0x0000000000000000        0x0 binaries/pagefault_handler.o
 .note.GNU-stack
                0x0000000000000000        0x0 binaries/paging_register_setup.o
 .note.GNU-stack
                0x0000000000000000        0x0 binaries/paging_tests.o
 .note.GNU-stack
                0x0000000000000000        0x0 binaries/psinit.o
 .note.GNU-stack
                0x0000000000000000        0x0 binaries/read_bs.o
 .note.GNU-stack
                0x0000000000000000        0x0 binaries/release_bs.o
 .note.GNU-stack
                0x0000000000000000        0x0 binaries/srpolicy.o
 .note.GNU-stack
                0x0000000000000000        0x0 binaries/vcreate.o
 .note.GNU-stack
                0x0000000000000000        0x0 binaries/vfreemem.o
 .note.GNU-stack
                0x0000000000000000        0x0 binaries/vgetmem.o
 .note.GNU-stack
                0x0000000000000000        0x0 binaries/write_bs.o
