
Allocating common symbols
Common symbol       size              file

netbufpool          0x4               binaries/net.o
tmp                 0x4               binaries/paging_register_setup.o
readylist           0x2               binaries/ready.o
rfltab              0x5a0             binaries/rflinit.o
sleepq              0x2               binaries/clkinit.o
PAGE_SERVER_STATUS  0x1               binaries/initialize.o
nnames              0x4               binaries/naminit.o
udptab              0x168             binaries/udp.o
minheap             0x4               binaries/meminit.o
marks               0x50              binaries/mark.o
currpid             0x4               binaries/initialize.o
Lf_data             0x20c             binaries/lfsinit.o
porttab             0x2d0             binaries/ptinit.o
girmask             0x2               binaries/evec.o
ttytab              0x10c             binaries/ttyinit.o
bs_sem              0x4               binaries/psinit.o
proctab             0x1c20            binaries/initialize.o
prcount             0x4               binaries/initialize.o
lfltab              0xf00             binaries/lflinit.o
rdstab              0x8c              binaries/rdsinit.o
ethertab            0x138             binaries/ethinit.o
NetData             0xa8              binaries/net.o
nmarks              0x4               binaries/mark.o
fifo_head           0x4               binaries/page_frame.o
Defer               0x8               binaries/resched.o
semtab              0x4b0             binaries/initialize.o
maxheap             0x4               binaries/meminit.o
preempt             0x4               binaries/clkinit.o
buftab              0xf0              binaries/bufinit.o
Rf_data             0x18              binaries/rfsinit.o
mkmutex             0x4               binaries/mark.o
bstab               0xc0              binaries/psinit.o
clktime             0x4               binaries/clkinit.o
arpcache            0x140             binaries/arp.o
icmptab             0x230             binaries/icmp.o
nbpools             0x4               binaries/bufinit.o
queuetab            0x980             binaries/queue.o
ptnextid            0x4               binaries/ptinit.o
Ram                 0x19000           binaries/raminit.o
ipoqueue            0x2c              binaries/ip.o
frames              0x3e8             binaries/page_frame.o
bs_init_sem         0x4               binaries/initialize.o
memlist             0x8               binaries/initialize.o
nametab             0x19a0            binaries/naminit.o
ptfree              0x4               binaries/ptinit.o

Memory Configuration

Name             Origin             Length             Attributes
*default*        0x0000000000000000 0xffffffffffffffff

Linker script and memory map

                0x0000000000100000                physbase = 0x100000
                0x0000000000100000                . = physbase
                0x0000000000100000                . = ALIGN (0x1000)

.text           0x0000000000100000    0x17000
                0x0000000000100000                text = ABSOLUTE (.)
 *(.text .text.*)
 .text          0x0000000000100000      0x14c binaries/start.o
                0x0000000000100028                start
                0x000000000010009a                inb
                0x00000000001000a2                inw
                0x00000000001000ab                inl
                0x00000000001000b3                outb
                0x00000000001000bd                outw
                0x00000000001000c8                outl
                0x00000000001000d2                _rtcin
                0x00000000001000dd                ___udivsi3
                0x00000000001000e8                ___divsi3
                0x00000000001000f4                sbzero
                0x0000000000100104                bcopy
                0x0000000000100118                insw
                0x000000000010012e                outsw
                0x0000000000100144                lidt
 .text          0x000000000010014c      0x2d8 binaries/ascdate.o
                0x000000000010014c                ascdate
 .text          0x0000000000100424       0x10 binaries/bufinit.o
                0x0000000000100424                bufinit
 .text          0x0000000000100434       0x62 binaries/chprio.o
                0x0000000000100434                chprio
 .text          0x0000000000100496       0x73 binaries/clkhandler.o
                0x0000000000100496                clkhandler
 .text          0x0000000000100509       0x59 binaries/clkinit.o
                0x0000000000100509                clkinit
 .text          0x0000000000100562       0x56 binaries/close.o
                0x0000000000100562                close
 .text          0x00000000001005b8        0x0 binaries/conf.o
 .text          0x00000000001005b8       0x5f binaries/control.o
                0x00000000001005b8                control
 .text          0x0000000000100617      0x229 binaries/create.o
                0x0000000000100617                create
 .text          0x0000000000100840      0x205 binaries/early_imr.o
                0x0000000000100840                intel_cln_early_sb_read_reg
                0x0000000000100898                intel_cln_early_sb_write_reg
                0x0000000000100947                remove_irm_protections
 .text          0x0000000000100a45      0x2d2 binaries/evec.o
                0x0000000000100a45                setirmask
                0x0000000000100a79                set_evec
                0x0000000000100ad5                initevec
                0x0000000000100ba4                trap
 .text          0x0000000000100d17       0x78 binaries/freebuf.o
                0x0000000000100d17                freebuf
 .text          0x0000000000100d8f      0x106 binaries/freemem.o
                0x0000000000100d8f                freemem
 .text          0x0000000000100e95       0x65 binaries/getbuf.o
                0x0000000000100e95                getbuf
 .text          0x0000000000100efa       0x56 binaries/getc.o
                0x0000000000100efa                getc
 .text          0x0000000000100f50       0x63 binaries/getdev.o
                0x0000000000100f50                getdev
 .text          0x0000000000100fb3       0x77 binaries/getitem.o
                0x0000000000100fb3                getitem
                0x0000000000100fdf                getfirst
                0x0000000000101002                getlast
 .text          0x000000000010102a       0xc2 binaries/getmem.o
                0x000000000010102a                getmem
 .text          0x00000000001010ec        0x6 binaries/getpid.o
                0x00000000001010ec                getpid
 .text          0x00000000001010f2       0x52 binaries/getprio.o
                0x00000000001010f2                getprio
 .text          0x0000000000101144       0xa6 binaries/getstk.o
                0x0000000000101144                getstk
 .text          0x00000000001011ea       0x34 binaries/gettime.o
                0x00000000001011ea                gettime
 .text          0x000000000010121e      0x18d binaries/getutime.o
                0x000000000010121e                getutime
 .text          0x00000000001013ab       0x56 binaries/init.o
                0x00000000001013ab                init
 .text          0x0000000000101401      0x325 binaries/initialize.o
                0x0000000000101401                initialize_paging
                0x0000000000101442                nulluser
                0x00000000001016e1                stop
                0x0000000000101703                delay
 .text          0x0000000000101726       0x96 binaries/insert.o
                0x0000000000101726                insert
 .text          0x00000000001017bc       0xdf binaries/insertd.o
                0x00000000001017bc                insertd
 .text          0x000000000010189b        0x6 binaries/ioerr.o
                0x000000000010189b                ioerr
 .text          0x00000000001018a1        0x6 binaries/ionull.o
                0x00000000001018a1                ionull
 .text          0x00000000001018a7      0x15a binaries/kill.o
                0x00000000001018a7                kill
 .text          0x0000000000101a01       0xa5 binaries/kprintf.o
                0x0000000000101a01                kputc
                0x0000000000101a30                console_init
                0x0000000000101a62                kgetc
                0x0000000000101a84                kprintf
 .text          0x0000000000101aa6       0xb4 binaries/main.o
                0x0000000000101aa6                lab5test
                0x0000000000101b11                main
 .text          0x0000000000101b5a       0x93 binaries/mark.o
                0x0000000000101b5a                markinit
                0x0000000000101b77                mark
 .text          0x0000000000101bed       0xa9 binaries/meminit.o
                0x0000000000101bed                meminit
                0x0000000000101c2a                setsegs
 .text          0x0000000000101c96      0x12a binaries/mkbufpool.o
                0x0000000000101c96                mkbufpool
 .text          0x0000000000101dc0       0x5e binaries/newqueue.o
                0x0000000000101dc0                newqueue
 .text          0x0000000000101e1e       0x5e binaries/open.o
                0x0000000000101e1e                open
 .text          0x0000000000101e7c       0x1e binaries/panic.o
                0x0000000000101e7c                panic
 .text          0x0000000000101e9a      0x27c binaries/pci.o
                0x0000000000101e9a                pci_init
                0x0000000000101ea0                find_pci_device
                0x0000000000101f5e                pci_read_config_byte
                0x0000000000101f9b                pci_read_config_word
                0x0000000000101fda                pci_read_config_dword
                0x0000000000102017                pci_write_config_byte
                0x0000000000102052                pci_write_config_word
                0x000000000010208e                pci_write_config_dword
                0x00000000001020c9                pci_get_dev_mmio_base_addr
 .text          0x0000000000102116       0x4f binaries/platinit.o
                0x0000000000102116                platinit
 .text          0x0000000000102165       0xa3 binaries/ptclear.o
                0x0000000000102165                _ptclear
 .text          0x0000000000102208       0x7c binaries/ptcount.o
                0x0000000000102208                ptcount
 .text          0x0000000000102284      0x101 binaries/ptcreate.o
                0x0000000000102284                ptcreate
 .text          0x0000000000102385       0x64 binaries/ptdelete.o
                0x0000000000102385                ptdelete
 .text          0x00000000001023e9       0x8e binaries/ptinit.o
                0x00000000001023e9                ptinit
 .text          0x0000000000102477       0xec binaries/ptrecv.o
                0x0000000000102477                ptrecv
 .text          0x0000000000102563       0x67 binaries/ptreset.o
                0x0000000000102563                ptreset
 .text          0x00000000001025ca      0x10d binaries/ptsend.o
                0x00000000001025ca                ptsend
 .text          0x00000000001026d7       0x5c binaries/putc.o
                0x00000000001026d7                putc
 .text          0x0000000000102733       0xb6 binaries/quark_irq.o
                0x0000000000102733                quark_irq_routing
 .text          0x00000000001027e9      0x19d binaries/quark_pdat.o
                0x00000000001027e9                get_quark_pdat_entry_data_by_id
                0x00000000001028b6                get_quark_pdat_entry_data_by_desc
 .text          0x0000000000102986       0xa9 binaries/queue.o
                0x0000000000102986                enqueue
                0x00000000001029e4                dequeue
 .text          0x0000000000102a2f       0x5e binaries/read.o
                0x0000000000102a2f                read
 .text          0x0000000000102a8d       0x5e binaries/ready.o
                0x0000000000102a8d                ready
 .text          0x0000000000102aeb       0x57 binaries/receive.o
                0x0000000000102aeb                receive
 .text          0x0000000000102b42       0x4c binaries/recvclr.o
                0x0000000000102b42                recvclr
 .text          0x0000000000102b8e       0xad binaries/recvtime.o
                0x0000000000102b8e                recvtime
 .text          0x0000000000102c3b      0x143 binaries/resched.o
                0x0000000000102c3b                resched
                0x0000000000102d0b                resched_cntl
 .text          0x0000000000102d7e       0x73 binaries/resume.o
                0x0000000000102d7e                resume
 .text          0x0000000000102df1       0x5a binaries/seek.o
                0x0000000000102df1                seek
 .text          0x0000000000102e4b       0x4f binaries/semcount.o
                0x0000000000102e4b                semcount
 .text          0x0000000000102e9a       0x8a binaries/semcreate.o
                0x0000000000102e9a                semcreate
 .text          0x0000000000102f24       0xc8 binaries/semdelete.o
                0x0000000000102f24                semdelete
 .text          0x0000000000102fec       0xa7 binaries/semreset.o
                0x0000000000102fec                semreset
 .text          0x0000000000103093       0xb1 binaries/send.o
                0x0000000000103093                send
 .text          0x0000000000103144       0x95 binaries/signal.o
                0x0000000000103144                signal
 .text          0x00000000001031d9       0xba binaries/signaln.o
                0x00000000001031d9                signaln
 .text          0x0000000000103293       0xbe binaries/sleep.o
                0x0000000000103293                sleepms
                0x000000000010331b                sleep
 .text          0x0000000000103351      0x17e binaries/stacktrace.o
                0x0000000000103351                stacktrace
 .text          0x00000000001034cf       0xaa binaries/suspend.o
                0x00000000001034cf                suspend
 .text          0x0000000000103579       0x90 binaries/unsleep.o
                0x0000000000103579                unsleep
 .text          0x0000000000103609       0x15 binaries/userret.o
                0x0000000000103609                userret
 .text          0x000000000010361e       0xb1 binaries/wait.o
                0x000000000010361e                wait
 .text          0x00000000001036cf       0x6d binaries/wakeup.o
                0x00000000001036cf                wakeup
 .text          0x000000000010373c       0x5e binaries/write.o
                0x000000000010373c                write
 .text          0x000000000010379a       0x16 binaries/xdone.o
                0x000000000010379a                xdone
 .text          0x00000000001037b0       0x23 binaries/yield.o
                0x00000000001037b0                yield
 .text          0x00000000001037d3        0xe binaries/abs.o
                0x00000000001037d3                abs
 .text          0x00000000001037e1       0x81 binaries/atoi.o
                0x00000000001037e1                atoi
 .text          0x0000000000103862       0x81 binaries/atol.o
                0x0000000000103862                atol
 .text          0x00000000001038e3       0x18 binaries/bzero.o
                0x00000000001038e3                bzero
 .text          0x00000000001038fb        0x0 binaries/ctype_.o
 .text          0x00000000001038fb      0x6e4 binaries/doprnt.o
                0x0000000000103a4f                _doprnt
 .text          0x0000000000103fdf      0x69b binaries/doscan.o
                0x0000000000103fdf                _doscan
 .text          0x000000000010467a      0x723 binaries/fdoprnt.o
                0x00000000001046fe                _fdoprnt
 .text          0x0000000000104d9d       0x1c binaries/fgetc.o
                0x0000000000104d9d                fgetc
 .text          0x0000000000104db9       0x62 binaries/fgets.o
                0x0000000000104db9                fgets
 .text          0x0000000000104e1b       0x23 binaries/fprintf.o
                0x0000000000104e1b                fprintf
 .text          0x0000000000104e3e       0x29 binaries/fputc.o
                0x0000000000104e3e                fputc
 .text          0x0000000000104e67       0x3b binaries/fputs.o
                0x0000000000104e67                fputs
 .text          0x0000000000104ea2       0x6a binaries/fscanf.o
                0x0000000000104edc                fscanf
 .text          0x0000000000104f0c       0x1d binaries/getchar.o
                0x0000000000104f0c                getchar
 .text          0x0000000000104f29        0xe binaries/labs.o
                0x0000000000104f29                labs
 .text          0x0000000000104f37       0x32 binaries/memchr.o
                0x0000000000104f37                memchr
 .text          0x0000000000104f69       0x49 binaries/memcmp.o
                0x0000000000104f69                memcmp
 .text          0x0000000000104fb2       0x25 binaries/memcpy.o
                0x0000000000104fb2                memcpy
 .text          0x0000000000104fd7       0x1e binaries/memset.o
                0x0000000000104fd7                memset
 .text          0x0000000000104ff5       0x30 binaries/printf.o
                0x0000000000104ff5                printf
 .text          0x0000000000105025       0x21 binaries/putchar.o
                0x0000000000105025                putchar
 .text          0x0000000000105046      0x1c8 binaries/qsort.o
                0x00000000001051e3                qsort
 .text          0x000000000010520e       0x45 binaries/rand.o
                0x000000000010520e                srand
                0x0000000000105218                rand
 .text          0x0000000000105253       0x49 binaries/sprintf.o
                0x000000000010526a                sprintf
 .text          0x000000000010529c       0x57 binaries/sscanf.o
                0x00000000001052c5                sscanf
 .text          0x00000000001052f3       0x2d binaries/strchr.o
                0x00000000001052f3                strchr
 .text          0x0000000000105320       0x43 binaries/strcmp.o
                0x0000000000105320                strcmp
 .text          0x0000000000105363       0x1a binaries/strcpy.o
                0x0000000000105363                strcpy
 .text          0x000000000010537d       0x1c binaries/strlen.o
                0x000000000010537d                strlen
 .text          0x0000000000105399       0x3c binaries/strncat.o
                0x0000000000105399                strncat
 .text          0x00000000001053d5       0x3a binaries/strncmp.o
                0x00000000001053d5                strncmp
 .text          0x000000000010540f       0x58 binaries/strncpy.o
                0x000000000010540f                strncpy
 .text          0x0000000000105467       0x36 binaries/strnlen.o
                0x0000000000105467                strnlen
 .text          0x000000000010549d       0x30 binaries/strrchr.o
                0x000000000010549d                strrchr
 .text          0x00000000001054cd       0x66 binaries/strstr.o
                0x00000000001054cd                strstr
 .text          0x0000000000105533      0x10a binaries/ttycontrol.o
                0x0000000000105533                ttycontrol
 .text          0x000000000010563d       0xaa binaries/ttygetc.o
                0x000000000010563d                ttygetc
 .text          0x00000000001056e7      0x477 binaries/ttyhandle_in.o
                0x000000000010579d                ttyhandle_in
 .text          0x0000000000105b5e      0x16e binaries/ttyhandle_out.o
                0x0000000000105b5e                ttyhandle_out
 .text          0x0000000000105ccc       0x84 binaries/ttyhandler.o
                0x0000000000105ccc                ttyhandler
 .text          0x0000000000105d50      0x157 binaries/ttyinit.o
                0x0000000000105d50                ttyinit
 .text          0x0000000000105ea7        0xc binaries/ttykickout.o
                0x0000000000105ea7                ttykickout
 .text          0x0000000000105eb3       0xac binaries/ttyputc.o
                0x0000000000105eb3                ttyputc
 .text          0x0000000000105f5f       0xf3 binaries/ttyread.o
                0x0000000000105f5f                ttyread
 .text          0x0000000000106052       0x46 binaries/ttywrite.o
                0x0000000000106052                ttywrite
 .text          0x0000000000106098      0x125 binaries/mount.o
                0x0000000000106098                namlen
                0x00000000001060d0                mount
 .text          0x00000000001061bd      0x196 binaries/naminit.o
                0x00000000001061bd                naminit
 .text          0x0000000000106353      0x1ff binaries/nammap.o
                0x0000000000106353                namrepl
                0x0000000000106474                namcpy
                0x00000000001064c1                nammap
 .text          0x0000000000106552       0x4e binaries/namopen.o
                0x0000000000106552                namopen
 .text          0x00000000001065a0       0xce binaries/colon2mac.o
                0x00000000001065a0                colon2mac
 .text          0x000000000010666e       0x81 binaries/ethcontrol.o
                0x000000000010666e                ethcontrol
 .text          0x00000000001066ef      0x172 binaries/ethhandler.o
                0x00000000001066ef                ethhandler
 .text          0x0000000000106861      0x550 binaries/ethinit.o
                0x0000000000106861                eth_phy_read
                0x000000000010689e                eth_phy_write
                0x00000000001068de                eth_phy_reset
                0x00000000001069b8                ethinit
 .text          0x0000000000106db1       0xff binaries/ethmcast.o
                0x0000000000106db1                ethmcast_add
                0x0000000000106dfe                ethmcast_remove
 .text          0x0000000000106eb0      0x174 binaries/ethread.o
                0x0000000000106eb0                ethread
 .text          0x0000000000107024       0xbd binaries/ethwrite.o
                0x0000000000107024                ethwrite
 .text          0x00000000001070e1       0x66 binaries/rdsbufalloc.o
                0x00000000001070e1                rdsbufalloc
 .text          0x0000000000107147       0xcd binaries/rdsclose.o
                0x0000000000107147                rdsclose
 .text          0x0000000000107214      0x1e7 binaries/rdscomm.o
                0x0000000000107214                rdscomm
 .text          0x00000000001073fb      0x1c2 binaries/rdscontrol.o
                0x00000000001073fb                rdscontrol
 .text          0x00000000001075bd      0x1a0 binaries/rdsinit.o
                0x00000000001075bd                rdsinit
 .text          0x000000000010775d      0x1a1 binaries/rdsopen.o
                0x000000000010775d                rdsopen
 .text          0x00000000001078fe      0x313 binaries/rdsprocess.o
                0x00000000001078fe                rdsprocess
 .text          0x0000000000107c11      0x1e2 binaries/rdsread.o
                0x0000000000107c11                rdsread
 .text          0x0000000000107df3      0x1ac binaries/rdswrite.o
                0x0000000000107df3                rdswrite
 .text          0x0000000000107f9f        0x6 binaries/ramclose.o
                0x0000000000107f9f                ramclose
 .text          0x0000000000107fa5       0x34 binaries/raminit.o
                0x0000000000107fa5                raminit
 .text          0x0000000000107fd9        0x7 binaries/ramopen.o
                0x0000000000107fd9                ramopen
 .text          0x0000000000107fe0       0x27 binaries/ramread.o
                0x0000000000107fe0                ramread
 .text          0x0000000000108007       0x27 binaries/ramwrite.o
                0x0000000000108007                ramwrite
 .text          0x000000000010802e       0x87 binaries/lfdballoc.o
                0x000000000010802e                lfdballoc
 .text          0x00000000001080b5       0x4d binaries/lfdbfree.o
                0x00000000001080b5                lfdbfree
 .text          0x0000000000108102       0x9f binaries/lfflush.o
                0x0000000000108102                lfflush
 .text          0x00000000001081a1       0x7a binaries/lfgetmode.o
                0x00000000001081a1                lfgetmode
 .text          0x000000000010821b       0x5f binaries/lfiballoc.o
                0x000000000010821b                lfiballoc
 .text          0x000000000010827a       0x25 binaries/lfibclear.o
                0x000000000010827a                lfibclear
 .text          0x000000000010829f       0x74 binaries/lfibget.o
                0x000000000010829f                lfibget
 .text          0x0000000000108313       0x91 binaries/lfibput.o
                0x0000000000108313                lfibput
 .text          0x00000000001083a4       0xa1 binaries/lflclose.o
                0x00000000001083a4                lflclose
 .text          0x0000000000108445       0xbe binaries/lflcontrol.o
                0x0000000000108445                lflcontrol
 .text          0x0000000000108503       0xf7 binaries/lflgetc.o
                0x0000000000108503                lflgetc
 .text          0x00000000001085fa       0xe4 binaries/lflinit.o
                0x00000000001085fa                lflinit
 .text          0x00000000001086de      0x12d binaries/lflputc.o
                0x00000000001086de                lflputc
 .text          0x000000000010880b       0x6a binaries/lflread.o
                0x000000000010880b                lflread
 .text          0x0000000000108875       0xb8 binaries/lflseek.o
                0x0000000000108875                lflseek
 .text          0x000000000010892d       0x4e binaries/lflwrite.o
                0x000000000010892d                lflwrite
 .text          0x000000000010897b      0x11a binaries/lfsckfmt.o
                0x000000000010897b                lfsckfmt
 .text          0x0000000000108a95      0x1bd binaries/lfscreate.o
                0x0000000000108a95                lfscreate
 .text          0x0000000000108c52      0x1a4 binaries/lfsetup.o
                0x0000000000108c52                lfsetup
 .text          0x0000000000108df6       0x44 binaries/lfsinit.o
                0x0000000000108df6                lfsinit
 .text          0x0000000000108e3a      0x303 binaries/lfsopen.o
                0x0000000000108e3a                lfsopen
 .text          0x000000000010913d      0x11d binaries/lftruncate.o
                0x000000000010913d                lftruncate
 .text          0x000000000010925a       0x69 binaries/rflclose.o
                0x000000000010925a                rflclose
 .text          0x00000000001092c3       0x2b binaries/rflgetc.o
                0x00000000001092c3                rflgetc
 .text          0x00000000001092ee       0x69 binaries/rflinit.o
                0x00000000001092ee                rflinit
 .text          0x0000000000109357       0x2c binaries/rflputc.o
                0x0000000000109357                rflputc
 .text          0x0000000000109383      0x2c8 binaries/rflread.o
                0x0000000000109383                rflread
 .text          0x000000000010964b       0x69 binaries/rflseek.o
                0x000000000010964b                rflseek
 .text          0x00000000001096b4      0x2ec binaries/rflwrite.o
                0x00000000001096b4                rflwrite
 .text          0x00000000001099a0      0x17d binaries/rfscomm.o
                0x00000000001099a0                rfscomm
 .text          0x0000000000109b1d      0x246 binaries/rfscontrol.o
                0x0000000000109b1d                rfscontrol
 .text          0x0000000000109d63       0x7a binaries/rfsgetmode.o
                0x0000000000109d63                rfsgetmode
 .text          0x0000000000109ddd       0x7d binaries/rfsinit.o
                0x0000000000109ddd                rfsinit
 .text          0x0000000000109e5a       0xb7 binaries/rfsndmsg.o
                0x0000000000109e5a                rfsndmsg
 .text          0x0000000000109f11      0x24f binaries/rfsopen.o
                0x0000000000109f11                rfsopen
 .text          0x000000000010a160      0x619 binaries/arp.o
                0x000000000010a160                arp_init
                0x000000000010a178                arp_alloc
                0x000000000010a21c                arp_ntoh
                0x000000000010a286                arp_hton
                0x000000000010a2f0                arp_resolve
                0x000000000010a542                arp_in
 .text          0x000000000010a779      0x5a3 binaries/dhcp.o
                0x000000000010a779                dhcp_get_opt_val
                0x000000000010a7cc                dhcp_bld_bootp_msg
                0x000000000010a89a                dhcp_bld_disc
                0x000000000010a8ea                dhcp_bld_req
                0x000000000010a984                getlocalip
 .text          0x000000000010ad1c       0xcc binaries/dot2ip.o
                0x000000000010ad1c                dot2ip
 .text          0x000000000010ade8      0x378 binaries/hexdump.o
                0x000000000010ade8                hexdump
                0x000000000010af37                hexadump
 .text          0x000000000010b160      0x6e6 binaries/icmp.o
                0x000000000010b160                icmp_init
                0x000000000010b178                icmp_register
                0x000000000010b236                icmp_recv
                0x000000000010b3d9                icmp_mkpkt
                0x000000000010b4aa                icmp_in
                0x000000000010b63e                icmp_send
                0x000000000010b6ad                icmp_release
                0x000000000010b7c5                icmp_cksum
                0x000000000010b81e                icmp_hton
                0x000000000010b832                icmp_ntoh
 .text          0x000000000010b846      0x5d0 binaries/ip.o
                0x000000000010b846                ip_local
                0x000000000010b886                ipcksum
                0x000000000010b8d9                ip_ntoh
                0x000000000010b943                ip_in
                0x000000000010ba66                ip_hton
                0x000000000010bad0                ip_out
                0x000000000010bb83                ip_send
                0x000000000010bc8e                ipout
                0x000000000010bd7e                ip_enqueue
 .text          0x000000000010be16      0x1a8 binaries/net.o
                0x000000000010be16                net_init
                0x000000000010bf0c                eth_hton
                0x000000000010bf16                eth_ntoh
                0x000000000010bf20                netin
 .text          0x000000000010bfbe       0xb3 binaries/netstart.o
                0x000000000010bfbe                netstart
 .text          0x000000000010c071      0xa2d binaries/pdump.o
                0x000000000010c071                pdump
                0x000000000010c655                pdumph
 .text          0x000000000010ca9e      0x5bc binaries/tftp.o
                0x000000000010ca9e                tftp_send1
                0x000000000010cbba                tftpget_mb
                0x000000000010d033                tftpget
 .text          0x000000000010d05a      0xa03 binaries/udp.o
                0x000000000010d05a                udp_init
                0x000000000010d097                udp_in
                0x000000000010d1b6                udp_register
                0x000000000010d2d3                udp_recv
                0x000000000010d45e                udp_recvaddr
                0x000000000010d5fd                udp_send
                0x000000000010d7b8                udp_sendto
                0x000000000010d92b                udp_release
                0x000000000010da35                udp_ntoh
                0x000000000010da49                udp_hton
 .text          0x000000000010da5d      0x129 binaries/addargs.o
                0x000000000010da5d                addargs
 .text          0x000000000010db86      0x1e2 binaries/lexan.o
                0x000000000010db86                lexan
 .text          0x000000000010dd68      0x5b5 binaries/shell.o
                0x000000000010dd68                shell
 .text          0x000000000010e31d       0x57 binaries/xsh_argecho.o
                0x000000000010e31d                xsh_argecho
 .text          0x000000000010e374      0x1ff binaries/xsh_arp.o
                0x000000000010e374                xsh_arp
 .text          0x000000000010e573      0x1de binaries/xsh_cat.o
                0x000000000010e573                xsh_cat
 .text          0x000000000010e751       0x51 binaries/xsh_clear.o
                0x000000000010e751                xsh_clear
 .text          0x000000000010e7a2      0x28a binaries/xsh_date.o
                0x000000000010e7a2                xsh_date
 .text          0x000000000010ea2c       0x81 binaries/xsh_devdump.o
                0x000000000010ea2c                xsh_devdump
 .text          0x000000000010eaad       0x5e binaries/xsh_echo.o
                0x000000000010eaad                xsh_echo
 .text          0x000000000010eb0b        0x6 binaries/xsh_exit.o
                0x000000000010eb0b                xsh_exit
 .text          0x000000000010eb11      0x326 binaries/xsh_help.o
                0x000000000010eb11                xsh_help
 .text          0x000000000010ee37      0x371 binaries/xsh_ipaddr.o
                0x000000000010ee37                xsh_ipaddr
 .text          0x000000000010f1a8      0x1b7 binaries/xsh_kill.o
                0x000000000010f1a8                xsh_kill
 .text          0x000000000010f35f      0x3c2 binaries/xsh_memdump.o
                0x000000000010f421                xsh_memdump
 .text          0x000000000010f721      0x1c7 binaries/xsh_memstat.o
                0x000000000010f721                xsh_memstat
 .text          0x000000000010f8e8      0x28b binaries/xsh_ping.o
                0x000000000010f8e8                xsh_ping
 .text          0x000000000010fb73      0x19c binaries/xsh_ps.o
                0x000000000010fb73                xsh_ps
 .text          0x000000000010fd0f      0x1a1 binaries/xsh_sleep.o
                0x000000000010fd0f                xsh_sleep
 .text          0x000000000010feb0      0x1c7 binaries/xsh_udpdump.o
                0x000000000010feb0                xsh_udpdump
 .text          0x0000000000110077      0x3b6 binaries/xsh_udpecho.o
                0x0000000000110077                xsh_udpecho
 .text          0x000000000011042d      0x20f binaries/xsh_udpeserver.o
                0x000000000011042d                xsh_udpeserver
 .text          0x000000000011063c      0x1b0 binaries/xsh_uptime.o
                0x000000000011063c                xsh_uptime
 .text          0x00000000001107ec       0x93 binaries/allocate_bs.o
                0x00000000001107ec                allocate_bs
 .text          0x000000000011087f      0x32a binaries/bs_map.o
                0x000000000011087f                do_bs_map
                0x0000000000110a20                bs_map_check
 .text          0x0000000000110ba9       0x70 binaries/close_bs.o
                0x0000000000110ba9                close_bs
 .text          0x0000000000110c19       0x8b binaries/deallocate_bs.o
                0x0000000000110c19                deallocate_bs
 .text          0x0000000000110ca4       0x72 binaries/dump32.o
                0x0000000000110ca4                dump32
 .text          0x0000000000110d16       0xc8 binaries/get_bs.o
                0x0000000000110d16                get_bs
 .text          0x0000000000110dde       0x70 binaries/open_bs.o
                0x0000000000110dde                open_bs
 .text          0x0000000000110e4e      0x133 binaries/page_directory.o
                0x0000000000110e4e                retrieve_new_page_directory
                0x0000000000110f3a                free_page_directory
 .text          0x0000000000110f81      0x7ae binaries/page_frame.o
                0x0000000000110f81                initialize_frame
                0x0000000000110fd5                initialize_all_frames
                0x000000000011101a                print_frame
                0x000000000011106d                evict_frame_using_gclock
                0x0000000000111073                print_fifo_list
                0x00000000001110b2                evict_from_fifo_list
                0x0000000000111103                incr_frame_refcount
                0x0000000000111121                decr_frame_refcount
                0x000000000011113f                free_frame
                0x00000000001113e1                evict_frame_using_fifo
                0x0000000000111433                retrieve_new_frame
                0x000000000011152b                get_free_frame_count
                0x000000000011156a                frame_map_check
                0x000000000011172e                update_frm_ages
 .text          0x000000000011172f      0x2b3 binaries/page_table.o
                0x000000000011172f                initialize_global_pagetables
                0x0000000000111851                initialize_device_pagetable
                0x0000000000111939                retrieve_new_page_table
 .text          0x00000000001119e2      0x2e9 binaries/pagefault_handler.o
                0x00000000001119e2                pagefault_handler
 .text          0x0000000000111ccb      0x10c binaries/paging_register_setup.o
                0x0000000000111ccb                set_cr0
                0x0000000000111cf4                read_cr0
                0x0000000000111d1d                read_cr2
                0x0000000000111d46                set_cr3
                0x0000000000111d6f                read_cr3
                0x0000000000111d98                enable_paging
                0x0000000000111daf                disable_paging
                0x0000000000111dbb                switch_page_directory
                0x0000000000111dc6                invlpg
                0x0000000000111dd0                flush_tlb
 .text          0x0000000000111dd7        0xc binaries/paging_tests.o
                0x0000000000111dd7                all_paging_tests
 .text          0x0000000000111de3       0xcb binaries/psinit.o
                0x0000000000111de3                psinit
 .text          0x0000000000111eae      0x162 binaries/read_bs.o
                0x0000000000111eae                read_bs
 .text          0x0000000000112010       0xa5 binaries/release_bs.o
                0x0000000000112010                release_bs
 .text          0x00000000001120b5       0x34 binaries/srpolicy.o
                0x00000000001120b5                srpolicy
 .text          0x00000000001120e9      0x455 binaries/vcreate.o
                0x00000000001120e9                vcprocA
                0x000000000011215e                vcprocD
                0x00000000001121d3                vcprocF
                0x0000000000112248                vcreate
                0x00000000001123af                basicTest
                0x0000000000112453                vcreate_tests
                0x000000000011245f                vcprocB
                0x00000000001124a0                vcprocC
                0x00000000001124c9                vcprocE
 .text          0x000000000011253e      0x115 binaries/vfreemem.o
                0x000000000011253e                vfreemem
 .text          0x0000000000112653      0x1b3 binaries/vgetmem.o
                0x0000000000112653                vgetmem
                0x0000000000112780                printMemory
                0x00000000001127ca                addressTranslate
 .text          0x0000000000112806      0x134 binaries/write_bs.o
                0x0000000000112806                write_bs
 .text          0x000000000011293a        0xe binaries/clkdisp.o
                0x000000000011293a                clkdisp
 .text          0x0000000000112948       0x19 binaries/ctxsw.o
                0x0000000000112948                ctxsw
 .text          0x0000000000112961      0x36b binaries/intr.o
                0x0000000000112961                disable
                0x000000000011296a                restore
                0x0000000000112978                enable
                0x000000000011297a                pause
                0x0000000000112981                halt
                0x0000000000112987                spurious_irq7
                0x000000000011298c                spurious_irq15
                0x000000000011299b                _Xint0
                0x00000000001129a6                _Xint1
                0x00000000001129b1                _Xint2
                0x00000000001129bc                _Xint3
                0x00000000001129c7                _Xint4
                0x00000000001129d2                _Xint5
                0x00000000001129dd                _Xint6
                0x00000000001129e8                _Xint7
                0x00000000001129f3                _Xint8
                0x00000000001129fe                _Xint9
                0x0000000000112a09                _Xint10
                0x0000000000112a14                _Xint11
                0x0000000000112a22                _Xint12
                0x0000000000112a30                _Xint13
                0x0000000000112a3e                _Xint14
                0x0000000000112a4c                _Xint15
                0x0000000000112a5a                _Xint16
                0x0000000000112a68                _Xint17
                0x0000000000112a76                _Xint18
                0x0000000000112a84                _Xint19
                0x0000000000112a92                _Xint20
                0x0000000000112aa0                _Xint21
                0x0000000000112aae                _Xint22
                0x0000000000112abc                _Xint23
                0x0000000000112aca                _Xint24
                0x0000000000112ad8                _Xint25
                0x0000000000112ae6                _Xint26
                0x0000000000112af4                _Xint27
                0x0000000000112b02                _Xint28
                0x0000000000112b10                _Xint29
                0x0000000000112b1e                _Xint30
                0x0000000000112b2c                _Xint31
                0x0000000000112b3a                _Xint32
                0x0000000000112b48                _Xint33
                0x0000000000112b56                _Xint34
                0x0000000000112b64                _Xint35
                0x0000000000112b72                _Xint36
                0x0000000000112b80                _Xint37
                0x0000000000112b8e                _Xint38
                0x0000000000112b9c                _Xint39
                0x0000000000112baa                _Xint40
                0x0000000000112bb8                _Xint41
                0x0000000000112bc6                _Xint42
                0x0000000000112bd4                _Xint43
                0x0000000000112be2                _Xint44
                0x0000000000112bf0                _Xint45
                0x0000000000112bfe                _Xint46
                0x0000000000112c0c                defevec
 .text          0x0000000000112ccc        0xf binaries/ttydispatch.o
                0x0000000000112ccc                ttydispatch
 .text          0x0000000000112cdb       0x13 binaries/ethdispatch.o
                0x0000000000112cdb                ethdispatch
 .text          0x0000000000112cee       0x15 binaries/pagefault_interrupt.o
                0x0000000000112cee                error_code
                0x0000000000112cf2                pagefault_interrupt
 *(.rodata .rodata.*)
 .rodata.str1.1
                0x0000000000112d03       0x54 binaries/ascdate.o
 *fill*         0x0000000000112d57        0x1 
 .rodata.str1.4
                0x0000000000112d58       0x22 binaries/ascdate.o
 .rodata.str1.1
                0x0000000000112d7a       0x5f binaries/conf.o
 *fill*         0x0000000000112dd9        0x3 
 .rodata.str1.4
                0x0000000000112ddc       0x4f binaries/early_imr.o
 *fill*         0x0000000000112e2b        0x1 
 .rodata        0x0000000000112e2c       0x33 binaries/early_imr.o
 .rodata.str1.1
                0x0000000000112e5f      0x20c binaries/evec.o
 *fill*         0x000000000011306b        0x1 
 .rodata.str1.4
                0x000000000011306c       0x23 binaries/evec.o
 .rodata.str1.1
                0x000000000011308f        0xb binaries/getutime.o
 *fill*         0x000000000011309a        0x2 
 .rodata.str1.4
                0x000000000011309c       0x54 binaries/getutime.o
 .rodata.str1.1
                0x00000000001130f0       0x6b binaries/initialize.o
                                         0x6f (size before relaxing)
 *fill*         0x000000000011315b        0x1 
 .rodata.str1.4
                0x000000000011315c       0xf6 binaries/initialize.o
 *fill*         0x0000000000113252        0x2 
 .rodata        0x0000000000113254       0x20 binaries/kill.o
 .rodata.str1.4
                0x0000000000113274       0x20 binaries/main.o
 .rodata.str1.1
                0x0000000000113294       0x23 binaries/main.o
 .rodata.str1.1
                0x00000000001132b7        0xf binaries/panic.o
 .rodata.str1.1
                0x00000000001132c6       0x1c binaries/ptinit.o
 *fill*         0x00000000001132e2        0x2 
 .rodata.str1.4
                0x00000000001132e4       0x25 binaries/ptsend.o
 .rodata.str1.1
                0x0000000000113309       0x22 binaries/quark_pdat.o
 *fill*         0x000000000011332b        0x1 
 .rodata.str1.4
                0x000000000011332c       0x63 binaries/stacktrace.o
 .rodata.str1.1
                0x000000000011338f       0x52 binaries/stacktrace.o
 *fill*         0x00000000001133e1        0x3 
 .rodata.str1.4
                0x00000000001133e4       0x27 binaries/xdone.o
 *fill*         0x000000000011340b       0x15 
 .rodata        0x0000000000113420       0x81 binaries/ctype_.o
                0x0000000000113420                _ctype_
 .rodata.str1.1
                0x00000000001134a1       0x29 binaries/doprnt.o
 *fill*         0x00000000001134ca        0x2 
 .rodata        0x00000000001134cc       0xc4 binaries/doprnt.o
 .rodata        0x0000000000113590       0x98 binaries/doscan.o
 .rodata.str1.1
                0x0000000000113628       0x29 binaries/fdoprnt.o
 .rodata        0x0000000000113628       0x84 binaries/fdoprnt.o
 .rodata        0x00000000001136ac       0x20 binaries/ttycontrol.o
 .rodata.str1.4
                0x00000000001136cc       0x4c binaries/naminit.o
 .rodata.str1.1
                0x0000000000113718       0x32 binaries/naminit.o
                                         0x35 (size before relaxing)
 .rodata.str1.1
                0x000000000011374a       0x15 binaries/ethinit.o
 *fill*         0x000000000011375f        0x1 
 .rodata.str1.4
                0x0000000000113760       0x2e binaries/ethinit.o
 *fill*         0x000000000011378e        0x2 
 .rodata.str1.4
                0x0000000000113790       0x2c binaries/rdsbufalloc.o
 .rodata.str1.4
                0x00000000001137bc       0x76 binaries/rdscomm.o
 *fill*         0x0000000000113832        0x2 
 .rodata.str1.4
                0x0000000000113834       0x48 binaries/rdscontrol.o
 .rodata.str1.4
                0x000000000011387c       0x5a binaries/rdsinit.o
 .rodata.str1.1
                0x00000000001138d6       0x10 binaries/rdsinit.o
 *fill*         0x00000000001138e6        0x2 
 .rodata.str1.4
                0x00000000001138e8       0x22 binaries/rdsopen.o
 *fill*         0x000000000011390a        0x2 
 .rodata.str1.4
                0x000000000011390c       0x4d binaries/rdsprocess.o
 .rodata.str1.1
                0x0000000000113959        0x9 binaries/raminit.o
 .rodata.str1.1
                0x0000000000113962       0x13 binaries/lfdballoc.o
 *fill*         0x0000000000113975        0x3 
 .rodata.str1.4
                0x0000000000113978       0x23 binaries/lfdballoc.o
 .rodata.str1.1
                0x000000000011399b       0x14 binaries/lfiballoc.o
 *fill*         0x00000000001139af        0x1 
 .rodata.str1.4
                0x00000000001139b0       0x23 binaries/lflcontrol.o
 .rodata.str1.1
                0x00000000001139d3       0x64 binaries/lfsckfmt.o
 *fill*         0x0000000000113a37        0x1 
 .rodata.str1.4
                0x0000000000113a38       0x51 binaries/lfsckfmt.o
 *fill*         0x0000000000113a89        0x3 
 .rodata.str1.4
                0x0000000000113a8c       0x21 binaries/rflread.o
 .rodata.str1.4
                0x0000000000113aad       0x21 binaries/rflwrite.o
 *fill*         0x0000000000113aad        0x3 
 .rodata.str1.4
                0x0000000000113ab0       0x75 binaries/rfscomm.o
 *fill*         0x0000000000113b25        0x3 
 .rodata.str1.4
                0x0000000000113b28       0x23 binaries/rfscontrol.o
 *fill*         0x0000000000113b4b        0x1 
 .rodata        0x0000000000113b4c       0x18 binaries/rfscontrol.o
 .rodata.str1.1
                0x0000000000113b64       0x10 binaries/rfsinit.o
 .rodata.str1.4
                0x0000000000113b64       0x57 binaries/rfsinit.o
 *fill*         0x0000000000113bbb        0x1 
 .rodata.str1.4
                0x0000000000113bbc       0x2a binaries/rfsndmsg.o
 .rodata.str1.4
                0x0000000000113be6       0x22 binaries/rfsopen.o
 .rodata.str1.1
                0x0000000000113be6       0x19 binaries/arp.o
 *fill*         0x0000000000113bff        0x1 
 .rodata.str1.4
                0x0000000000113c00       0x21 binaries/arp.o
 *fill*         0x0000000000113c21        0x3 
 .rodata.str1.4
                0x0000000000113c24       0xa6 binaries/dhcp.o
 .rodata.str1.1
                0x0000000000113cca       0x4a binaries/dhcp.o
 .rodata.str1.1
                0x0000000000113d14       0x5a binaries/hexdump.o
                                         0x61 (size before relaxing)
 *fill*         0x0000000000113d6e        0x2 
 .rodata.str1.4
                0x0000000000113d70       0x67 binaries/hexdump.o
 *fill*         0x0000000000113dd7        0x1 
 .rodata.str1.4
                0x0000000000113dd8       0x29 binaries/icmp.o
 .rodata.str1.1
                0x0000000000113e01       0x4e binaries/ip.o
 *fill*         0x0000000000113e4f        0x1 
 .rodata.str1.4
                0x0000000000113e50       0x20 binaries/ip.o
 .rodata.str1.4
                0x0000000000113e70       0x28 binaries/net.o
 .rodata.str1.1
                0x0000000000113e98       0x27 binaries/net.o
 *fill*         0x0000000000113ebf        0x1 
 .rodata.str1.4
                0x0000000000113ec0       0xcf binaries/netstart.o
 .rodata.str1.1
                0x0000000000113f8f      0x141 binaries/pdump.o
                                        0x14b (size before relaxing)
 .rodata.str1.4
                0x00000000001140d0      0x126 binaries/pdump.o
 *fill*         0x00000000001141f6        0x2 
 .rodata.str1.4
                0x00000000001141f8      0x148 binaries/tftp.o
 .rodata.str1.1
                0x0000000000114340        0x6 binaries/tftp.o
                                          0xa (size before relaxing)
 .rodata.str1.1
                0x0000000000114346       0xe3 binaries/shell.o
                                         0xff (size before relaxing)
 *fill*         0x0000000000114429        0x3 
 .rodata.str1.4
                0x000000000011442c      0x1c4 binaries/shell.o
 *fill*         0x00000000001145f0       0x10 
 .rodata        0x0000000000114600       0xfc binaries/shell.o
                0x0000000000114600                cmdtab
 .rodata.str1.1
                0x00000000001146fc       0x26 binaries/xsh_argecho.o
                                         0x28 (size before relaxing)
 .rodata.str1.1
                0x0000000000114722       0x70 binaries/xsh_arp.o
                                         0x72 (size before relaxing)
 *fill*         0x0000000000114792        0x2 
 .rodata.str1.4
                0x0000000000114794       0xb4 binaries/xsh_arp.o
 .rodata.str1.1
                0x0000000000114848       0x2d binaries/xsh_cat.o
                                         0x4f (size before relaxing)
 *fill*         0x0000000000114875        0x3 
 .rodata.str1.4
                0x0000000000114878       0x52 binaries/xsh_cat.o
                                         0x79 (size before relaxing)
 .rodata.str1.1
                0x00000000001148ca       0x15 binaries/xsh_clear.o
 .rodata.str1.1
                0x00000000001148df       0x46 binaries/xsh_date.o
                                         0x5f (size before relaxing)
 *fill*         0x0000000000114925        0x3 
 .rodata.str1.4
                0x0000000000114928      0x163 binaries/xsh_date.o
 .rodata.str1.1
                0x0000000000114a8b       0x5d binaries/xsh_devdump.o
 .rodata.str1.1
                0x0000000000114ae8        0x4 binaries/xsh_echo.o
                                          0x9 (size before relaxing)
 .rodata.str1.1
                0x0000000000114aec       0x65 binaries/xsh_help.o
                                         0xa3 (size before relaxing)
 *fill*         0x0000000000114b51        0x3 
 .rodata.str1.4
                0x0000000000114b54       0x7c binaries/xsh_help.o
                                         0xc6 (size before relaxing)
 .rodata.str1.1
                0x0000000000114bd0       0x9c binaries/xsh_ipaddr.o
                                         0xf8 (size before relaxing)
 .rodata.str1.4
                0x0000000000114c6c       0x4d binaries/xsh_ipaddr.o
                                         0x99 (size before relaxing)
 .rodata.str1.1
                0x0000000000114cb9       0x78 binaries/xsh_kill.o
                                         0x97 (size before relaxing)
 *fill*         0x0000000000114d31        0x3 
 .rodata.str1.4
                0x0000000000114d34       0x4a binaries/xsh_kill.o
                                         0x96 (size before relaxing)
 .rodata.str1.1
                0x0000000000114d7e       0x84 binaries/xsh_memdump.o
                                         0xa8 (size before relaxing)
 *fill*         0x0000000000114e02        0x2 
 .rodata.str1.4
                0x0000000000114e04      0x15a binaries/xsh_memdump.o
                                        0x1aa (size before relaxing)
 .rodata.str1.1
                0x0000000000114f5e       0x40 binaries/xsh_memstat.o
                                         0x79 (size before relaxing)
 *fill*         0x0000000000114f9e        0x2 
 .rodata.str1.4
                0x0000000000114fa0      0x187 binaries/xsh_memstat.o
                                        0x1af (size before relaxing)
 .rodata.str1.1
                0x0000000000115127       0x90 binaries/xsh_ping.o
                                         0xaf (size before relaxing)
 *fill*         0x00000000001151b7        0x1 
 .rodata.str1.4
                0x00000000001151b8       0x77 binaries/xsh_ping.o
                                         0xc6 (size before relaxing)
 .rodata.str1.1
                0x000000000011522f       0x74 binaries/xsh_ps.o
                                         0xd5 (size before relaxing)
 *fill*         0x00000000001152a3        0x1 
 .rodata.str1.4
                0x00000000001152a4       0x80 binaries/xsh_ps.o
                                         0xd0 (size before relaxing)
 *fill*         0x0000000000115324       0x1c 
 .rodata        0x0000000000115340       0x20 binaries/xsh_ps.o
 .rodata.str1.1
                0x0000000000115360       0x31 binaries/xsh_sleep.o
                                         0x72 (size before relaxing)
 *fill*         0x0000000000115391        0x3 
 .rodata.str1.4
                0x0000000000115394       0x2a binaries/xsh_sleep.o
                                         0x7a (size before relaxing)
 .rodata.str1.1
                0x00000000001153be       0x6b binaries/xsh_udpdump.o
                                         0xd2 (size before relaxing)
 *fill*         0x0000000000115429        0x3 
 .rodata.str1.4
                0x000000000011542c       0x94 binaries/xsh_udpdump.o
                                         0xe4 (size before relaxing)
 .rodata.str1.1
                0x00000000001154c0       0xdb binaries/xsh_udpecho.o
                                         0xfa (size before relaxing)
 *fill*         0x000000000011559b        0x1 
 .rodata.str1.4
                0x000000000011559c       0xc7 binaries/xsh_udpecho.o
                                        0x116 (size before relaxing)
 .rodata.str1.1
                0x0000000000115663       0x66 binaries/xsh_udpeserver.o
                                         0x8f (size before relaxing)
 *fill*         0x00000000001156c9        0x3 
 .rodata.str1.4
                0x00000000001156cc       0x29 binaries/xsh_udpeserver.o
                                         0x9f (size before relaxing)
 .rodata.str1.1
                0x00000000001156f5       0x49 binaries/xsh_uptime.o
                                         0x8c (size before relaxing)
 *fill*         0x000000000011573e        0x2 
 .rodata.str1.4
                0x0000000000115740       0x28 binaries/xsh_uptime.o
                                         0x76 (size before relaxing)
 .rodata.str1.4
                0x0000000000115768      0x196 binaries/bs_map.o
 .rodata.str1.1
                0x00000000001158fe        0x2 binaries/bs_map.o
 *fill*         0x00000000001158fe        0x2 
 .rodata        0x0000000000115900       0x1a binaries/bs_map.o
 .rodata.str1.1
                0x000000000011591a        0xb binaries/dump32.o
                                          0xd (size before relaxing)
 .rodata.str1.1
                0x0000000000115925       0x11 binaries/page_frame.o
                                         0x13 (size before relaxing)
 *fill*         0x0000000000115936        0x2 
 .rodata.str1.4
                0x0000000000115938      0x16b binaries/page_frame.o
                                        0x1bf (size before relaxing)
 *fill*         0x0000000000115aa3        0x1 
 .rodata        0x0000000000115aa4       0x10 binaries/page_frame.o
 .rodata.str1.4
                0x0000000000115ab4       0xc7 binaries/page_table.o
                                         0xef (size before relaxing)
 .rodata.str1.1
                0x0000000000115b7b       0x1d binaries/page_table.o
                                         0x1f (size before relaxing)
 .rodata        0x0000000000115b98       0x51 binaries/page_table.o
 *fill*         0x0000000000115be9        0x3 
 .rodata.str1.4
                0x0000000000115bec      0x14c binaries/pagefault_handler.o
 .rodata.str1.1
                0x0000000000115d38       0x2c binaries/psinit.o
 .rodata.str1.4
                0x0000000000115d64       0x8a binaries/psinit.o
 .rodata.str1.1
                0x0000000000115dee       0x1c binaries/read_bs.o
 *fill*         0x0000000000115e0a        0x2 
 .rodata.str1.4
                0x0000000000115e0c       0x59 binaries/read_bs.o
 .rodata.str1.1
                0x0000000000115e65       0x1c binaries/release_bs.o
 *fill*         0x0000000000115e65        0x3 
 .rodata.str1.4
                0x0000000000115e68       0x27 binaries/release_bs.o
 *fill*         0x0000000000115e8f        0x1 
 .rodata.str1.4
                0x0000000000115e90      0x1a5 binaries/vcreate.o
                                        0x1cd (size before relaxing)
 .rodata.str1.1
                0x0000000000116035       0x2d binaries/vcreate.o
                                         0x2f (size before relaxing)
 *fill*         0x0000000000116062        0x2 
 .rodata        0x0000000000116064        0x8 binaries/vcreate.o
 .rodata.str1.4
                0x000000000011606c       0x20 binaries/vgetmem.o
 .rodata.str1.1
                0x000000000011606c       0x1c binaries/write_bs.o
 .rodata.str1.4
                0x000000000011606c       0x58 binaries/write_bs.o
                0x00000000001160c4                etext = ABSOLUTE (.)
                0x0000000000117000                . = ALIGN (0x1000)
 *fill*         0x00000000001160c4      0xf3c 

.eh_frame       0x0000000000117000     0x77c0
 .eh_frame      0x0000000000117000       0x78 binaries/ascdate.o
 .eh_frame      0x0000000000117078       0x14 binaries/bufinit.o
                                         0x2c (size before relaxing)
 .eh_frame      0x000000000011708c       0x40 binaries/chprio.o
                                         0x58 (size before relaxing)
 .eh_frame      0x00000000001170cc       0x18 binaries/clkhandler.o
                                         0x30 (size before relaxing)
 .eh_frame      0x00000000001170e4       0x3c binaries/clkinit.o
                                         0x54 (size before relaxing)
 .eh_frame      0x0000000000117120       0x3c binaries/close.o
                                         0x54 (size before relaxing)
 .eh_frame      0x000000000011715c       0x44 binaries/control.o
                                         0x5c (size before relaxing)
 .eh_frame      0x00000000001171a0       0x5c binaries/create.o
                                         0x74 (size before relaxing)
 .eh_frame      0x00000000001171fc      0x148 binaries/early_imr.o
                                        0x160 (size before relaxing)
 .eh_frame      0x0000000000117344      0x1a8 binaries/evec.o
                                        0x1c0 (size before relaxing)
 .eh_frame      0x00000000001174ec       0x50 binaries/freebuf.o
                                         0x68 (size before relaxing)
 .eh_frame      0x000000000011753c       0x58 binaries/freemem.o
                                         0x70 (size before relaxing)
 .eh_frame      0x0000000000117594       0x40 binaries/getbuf.o
                                         0x58 (size before relaxing)
 .eh_frame      0x00000000001175d4       0x3c binaries/getc.o
                                         0x54 (size before relaxing)
 .eh_frame      0x0000000000117610       0x5c binaries/getdev.o
                                         0x74 (size before relaxing)
 .eh_frame      0x000000000011766c       0x4c binaries/getitem.o
                                         0x64 (size before relaxing)
 .eh_frame      0x00000000001176b8       0x50 binaries/getmem.o
                                         0x68 (size before relaxing)
 .eh_frame      0x0000000000117708       0x14 binaries/getpid.o
                                         0x2c (size before relaxing)
 .eh_frame      0x000000000011771c       0x34 binaries/getprio.o
                                         0x4c (size before relaxing)
 .eh_frame      0x0000000000117750       0x58 binaries/getstk.o
                                         0x70 (size before relaxing)
 .eh_frame      0x00000000001177a8       0x20 binaries/gettime.o
                                         0x38 (size before relaxing)
 .eh_frame      0x00000000001177c8       0x8c binaries/getutime.o
                                         0xa4 (size before relaxing)
 .eh_frame      0x0000000000117854       0x3c binaries/init.o
                                         0x54 (size before relaxing)
 .eh_frame      0x0000000000117890      0x138 binaries/initialize.o
                                        0x150 (size before relaxing)
 .eh_frame      0x00000000001179c8       0x24 binaries/insert.o
                                         0x3c (size before relaxing)
 .eh_frame      0x00000000001179ec       0x38 binaries/insertd.o
                                         0x50 (size before relaxing)
 .eh_frame      0x0000000000117a24       0x14 binaries/ioerr.o
                                         0x2c (size before relaxing)
 .eh_frame      0x0000000000117a38       0x14 binaries/ionull.o
                                         0x2c (size before relaxing)
 .eh_frame      0x0000000000117a4c       0x78 binaries/kill.o
                                         0x90 (size before relaxing)
 .eh_frame      0x0000000000117ac4       0x80 binaries/kprintf.o
                                         0x98 (size before relaxing)
 .eh_frame      0x0000000000117b44       0x68 binaries/main.o
                                         0x80 (size before relaxing)
 .eh_frame      0x0000000000117bac       0x4c binaries/mark.o
                                         0x64 (size before relaxing)
 .eh_frame      0x0000000000117bf8       0x38 binaries/meminit.o
                                         0x50 (size before relaxing)
 .eh_frame      0x0000000000117c30       0x74 binaries/mkbufpool.o
                                         0x8c (size before relaxing)
 .eh_frame      0x0000000000117ca4       0x14 binaries/newqueue.o
                                         0x2c (size before relaxing)
 .eh_frame      0x0000000000117cb8       0x44 binaries/open.o
                                         0x5c (size before relaxing)
 .eh_frame      0x0000000000117cfc       0x20 binaries/panic.o
                                         0x38 (size before relaxing)
 .eh_frame      0x0000000000117d1c       0xec binaries/pci.o
                                        0x104 (size before relaxing)
 .eh_frame      0x0000000000117e08       0x38 binaries/platinit.o
                                         0x50 (size before relaxing)
 .eh_frame      0x0000000000117e40       0x68 binaries/ptclear.o
                                         0x80 (size before relaxing)
 .eh_frame      0x0000000000117ea8       0x50 binaries/ptcount.o
                                         0x68 (size before relaxing)
 .eh_frame      0x0000000000117ef8       0x60 binaries/ptcreate.o
                                         0x78 (size before relaxing)
 .eh_frame      0x0000000000117f58       0x44 binaries/ptdelete.o
                                         0x5c (size before relaxing)
 .eh_frame      0x0000000000117f9c       0x3c binaries/ptinit.o
                                         0x54 (size before relaxing)
 .eh_frame      0x0000000000117fd8       0x54 binaries/ptrecv.o
                                         0x6c (size before relaxing)
 .eh_frame      0x000000000011802c       0x44 binaries/ptreset.o
                                         0x5c (size before relaxing)
 .eh_frame      0x0000000000118070       0x5c binaries/ptsend.o
                                         0x74 (size before relaxing)
 .eh_frame      0x00000000001180cc       0x44 binaries/putc.o
                                         0x5c (size before relaxing)
 .eh_frame      0x0000000000118110       0x60 binaries/quark_irq.o
                                         0x78 (size before relaxing)
 .eh_frame      0x0000000000118170       0xd0 binaries/quark_pdat.o
                                         0xe8 (size before relaxing)
 .eh_frame      0x0000000000118240       0x34 binaries/queue.o
                                         0x4c (size before relaxing)
 .eh_frame      0x0000000000118274       0x44 binaries/read.o
                                         0x5c (size before relaxing)
 .eh_frame      0x00000000001182b8       0x28 binaries/ready.o
                                         0x40 (size before relaxing)
 .eh_frame      0x00000000001182e0       0x38 binaries/receive.o
                                         0x50 (size before relaxing)
 .eh_frame      0x0000000000118318       0x28 binaries/recvclr.o
                                         0x40 (size before relaxing)
 .eh_frame      0x0000000000118340       0x50 binaries/recvtime.o
                                         0x68 (size before relaxing)
 .eh_frame      0x0000000000118390       0x6c binaries/resched.o
                                         0x84 (size before relaxing)
 .eh_frame      0x00000000001183fc       0x48 binaries/resume.o
                                         0x60 (size before relaxing)
 .eh_frame      0x0000000000118444       0x40 binaries/seek.o
                                         0x58 (size before relaxing)
 .eh_frame      0x0000000000118484       0x34 binaries/semcount.o
                                         0x4c (size before relaxing)
 .eh_frame      0x00000000001184b8       0x40 binaries/semcreate.o
                                         0x58 (size before relaxing)
 .eh_frame      0x00000000001184f8       0x5c binaries/semdelete.o
                                         0x74 (size before relaxing)
 .eh_frame      0x0000000000118554       0x68 binaries/semreset.o
                                         0x80 (size before relaxing)
 .eh_frame      0x00000000001185bc       0x58 binaries/send.o
                                         0x70 (size before relaxing)
 .eh_frame      0x0000000000118614       0x50 binaries/signal.o
                                         0x68 (size before relaxing)
 .eh_frame      0x0000000000118664       0x5c binaries/signaln.o
                                         0x74 (size before relaxing)
 .eh_frame      0x00000000001186c0       0x74 binaries/sleep.o
                                         0x8c (size before relaxing)
 .eh_frame      0x0000000000118734       0x9c binaries/stacktrace.o
                                         0xb4 (size before relaxing)
 .eh_frame      0x00000000001187d0       0x50 binaries/suspend.o
                                         0x68 (size before relaxing)
 .eh_frame      0x0000000000118820       0x44 binaries/unsleep.o
                                         0x5c (size before relaxing)
 .eh_frame      0x0000000000118864       0x20 binaries/userret.o
                                         0x38 (size before relaxing)
 .eh_frame      0x0000000000118884       0x50 binaries/wait.o
                                         0x68 (size before relaxing)
 .eh_frame      0x00000000001188d4       0x2c binaries/wakeup.o
                                         0x44 (size before relaxing)
 .eh_frame      0x0000000000118900       0x44 binaries/write.o
                                         0x5c (size before relaxing)
 .eh_frame      0x0000000000118944       0x1c binaries/xdone.o
                                         0x34 (size before relaxing)
 .eh_frame      0x0000000000118960       0x28 binaries/yield.o
                                         0x40 (size before relaxing)
 .eh_frame      0x0000000000118988       0x14 binaries/abs.o
                                         0x2c (size before relaxing)
 .eh_frame      0x000000000011899c       0x24 binaries/atoi.o
                                         0x3c (size before relaxing)
 .eh_frame      0x00000000001189c0       0x24 binaries/atol.o
                                         0x3c (size before relaxing)
 .eh_frame      0x00000000001189e4       0x14 binaries/bzero.o
                                         0x2c (size before relaxing)
 .eh_frame      0x00000000001189f8      0x130 binaries/doprnt.o
                                        0x148 (size before relaxing)
 .eh_frame      0x0000000000118b28      0x104 binaries/doscan.o
                                        0x11c (size before relaxing)
 .eh_frame      0x0000000000118c2c      0x110 binaries/fdoprnt.o
                                        0x128 (size before relaxing)
 .eh_frame      0x0000000000118d3c       0x20 binaries/fgetc.o
                                         0x38 (size before relaxing)
 .eh_frame      0x0000000000118d5c       0x44 binaries/fgets.o
                                         0x5c (size before relaxing)
 .eh_frame      0x0000000000118da0       0x24 binaries/fprintf.o
                                         0x3c (size before relaxing)
 .eh_frame      0x0000000000118dc4       0x20 binaries/fputc.o
                                         0x38 (size before relaxing)
 .eh_frame      0x0000000000118de4       0x38 binaries/fputs.o
                                         0x50 (size before relaxing)
 .eh_frame      0x0000000000118e1c       0x6c binaries/fscanf.o
                                         0x84 (size before relaxing)
 .eh_frame      0x0000000000118e88       0x1c binaries/getchar.o
                                         0x34 (size before relaxing)
 .eh_frame      0x0000000000118ea4       0x14 binaries/labs.o
                                         0x2c (size before relaxing)
 .eh_frame      0x0000000000118eb8       0x14 binaries/memchr.o
                                         0x2c (size before relaxing)
 .eh_frame      0x0000000000118ecc       0x24 binaries/memcmp.o
                                         0x3c (size before relaxing)
 .eh_frame      0x0000000000118ef0       0x24 binaries/memcpy.o
                                         0x3c (size before relaxing)
 .eh_frame      0x0000000000118f14       0x1c binaries/memset.o
                                         0x34 (size before relaxing)
 .eh_frame      0x0000000000118f30       0x24 binaries/printf.o
                                         0x3c (size before relaxing)
 .eh_frame      0x0000000000118f54       0x20 binaries/putchar.o
                                         0x38 (size before relaxing)
 .eh_frame      0x0000000000118f74       0xc0 binaries/qsort.o
                                         0xd8 (size before relaxing)
 .eh_frame      0x0000000000119034       0x28 binaries/rand.o
                                         0x40 (size before relaxing)
 .eh_frame      0x000000000011905c       0x48 binaries/sprintf.o
                                         0x60 (size before relaxing)
 .eh_frame      0x00000000001190a4       0x54 binaries/sscanf.o
                                         0x6c (size before relaxing)
 .eh_frame      0x00000000001190f8       0x1c binaries/strchr.o
                                         0x34 (size before relaxing)
 .eh_frame      0x0000000000119114       0x1c binaries/strcmp.o
                                         0x34 (size before relaxing)
 .eh_frame      0x0000000000119130       0x14 binaries/strcpy.o
                                         0x2c (size before relaxing)
 .eh_frame      0x0000000000119144       0x14 binaries/strlen.o
                                         0x2c (size before relaxing)
 .eh_frame      0x0000000000119158       0x2c binaries/strncat.o
                                         0x44 (size before relaxing)
 .eh_frame      0x0000000000119184       0x1c binaries/strncmp.o
                                         0x34 (size before relaxing)
 .eh_frame      0x00000000001191a0       0x30 binaries/strncpy.o
                                         0x48 (size before relaxing)
 .eh_frame      0x00000000001191d0       0x1c binaries/strnlen.o
                                         0x34 (size before relaxing)
 .eh_frame      0x00000000001191ec       0x1c binaries/strrchr.o
                                         0x34 (size before relaxing)
 .eh_frame      0x0000000000119208       0x38 binaries/strstr.o
                                         0x50 (size before relaxing)
 .eh_frame      0x0000000000119240       0x48 binaries/ttycontrol.o
                                         0x60 (size before relaxing)
 .eh_frame      0x0000000000119288       0x38 binaries/ttygetc.o
                                         0x50 (size before relaxing)
 .eh_frame      0x00000000001192c0       0xd8 binaries/ttyhandle_in.o
                                         0xf0 (size before relaxing)
 .eh_frame      0x0000000000119398       0x64 binaries/ttyhandle_out.o
                                         0x7c (size before relaxing)
 .eh_frame      0x00000000001193fc       0x54 binaries/ttyhandler.o
                                         0x6c (size before relaxing)
 .eh_frame      0x0000000000119450       0x48 binaries/ttyinit.o
                                         0x60 (size before relaxing)
 .eh_frame      0x0000000000119498       0x14 binaries/ttykickout.o
                                         0x2c (size before relaxing)
 .eh_frame      0x00000000001194ac       0x58 binaries/ttyputc.o
                                         0x70 (size before relaxing)
 .eh_frame      0x0000000000119504       0x60 binaries/ttyread.o
                                         0x78 (size before relaxing)
 .eh_frame      0x0000000000119564       0x38 binaries/ttywrite.o
                                         0x50 (size before relaxing)
 .eh_frame      0x000000000011959c       0x78 binaries/mount.o
                                         0x90 (size before relaxing)
 .eh_frame      0x0000000000119614       0xe4 binaries/naminit.o
                                         0xfc (size before relaxing)
 .eh_frame      0x00000000001196f8       0xe8 binaries/nammap.o
                                        0x100 (size before relaxing)
 .eh_frame      0x00000000001197e0       0x3c binaries/namopen.o
                                         0x54 (size before relaxing)
 .eh_frame      0x000000000011981c       0x3c binaries/colon2mac.o
                                         0x54 (size before relaxing)
 .eh_frame      0x0000000000119858       0x40 binaries/ethcontrol.o
                                         0x58 (size before relaxing)
 .eh_frame      0x0000000000119898       0x58 binaries/ethhandler.o
                                         0x70 (size before relaxing)
 .eh_frame      0x00000000001198f0      0x14c binaries/ethinit.o
                                        0x164 (size before relaxing)
 .eh_frame      0x0000000000119a3c       0xa0 binaries/ethmcast.o
                                         0xb8 (size before relaxing)
 .eh_frame      0x0000000000119adc       0x80 binaries/ethread.o
                                         0x98 (size before relaxing)
 .eh_frame      0x0000000000119b5c       0x44 binaries/ethwrite.o
                                         0x5c (size before relaxing)
 .eh_frame      0x0000000000119ba0       0x30 binaries/rdsbufalloc.o
                                         0x48 (size before relaxing)
 .eh_frame      0x0000000000119bd0       0x3c binaries/rdsclose.o
                                         0x54 (size before relaxing)
 .eh_frame      0x0000000000119c0c       0x8c binaries/rdscomm.o
                                         0xa4 (size before relaxing)
 .eh_frame      0x0000000000119c98       0xb0 binaries/rdscontrol.o
                                         0xc8 (size before relaxing)
 .eh_frame      0x0000000000119d48       0x68 binaries/rdsinit.o
                                         0x80 (size before relaxing)
 .eh_frame      0x0000000000119db0       0x74 binaries/rdsopen.o
                                         0x8c (size before relaxing)
 .eh_frame      0x0000000000119e24      0x108 binaries/rdsprocess.o
                                        0x120 (size before relaxing)
 .eh_frame      0x0000000000119f2c       0x7c binaries/rdsread.o
                                         0x94 (size before relaxing)
 .eh_frame      0x0000000000119fa8       0x80 binaries/rdswrite.o
                                         0x98 (size before relaxing)
 .eh_frame      0x000000000011a028       0x14 binaries/ramclose.o
[...]
 .comment       0x000000000000002a       0x2b binaries/srpolicy.o
 .comment       0x000000000000002a       0x2b binaries/vcreate.o
 .comment       0x000000000000002a       0x2b binaries/vfreemem.o
 .comment       0x000000000000002a       0x2b binaries/vgetmem.o
 .comment       0x000000000000002a       0x2b binaries/write_bs.o

.note.GNU-stack
                0x0000000000000000        0x0
 .note.GNU-stack
                0x0000000000000000        0x0 binaries/ascdate.o
 .note.GNU-stack
                0x0000000000000000        0x0 binaries/bufinit.o
 .note.GNU-stack
                0x0000000000000000        0x0 binaries/chprio.o
 .note.GNU-stack
                0x0000000000000000        0x0 binaries/clkhandler.o
 .note.GNU-stack
                0x0000000000000000        0x0 binaries/clkinit.o
 .note.GNU-stack
                0x0000000000000000        0x0 binaries/close.o
 .note.GNU-stack
                0x0000000000000000        0x0 binaries/conf.o
 .note.GNU-stack
                0x0000000000000000        0x0 binaries/control.o
 .note.GNU-stack
                0x0000000000000000        0x0 binaries/create.o
 .note.GNU-stack
                0x0000000000000000        0x0 binaries/early_imr.o
 .note.GNU-stack
                0x0000000000000000        0x0 binaries/evec.o
 .note.GNU-stack
                0x0000000000000000        0x0 binaries/freebuf.o
 .note.GNU-stack
                0x0000000000000000        0x0 binaries/freemem.o
 .note.GNU-stack
                0x0000000000000000        0x0 binaries/getbuf.o
 .note.GNU-stack
                0x0000000000000000        0x0 binaries/getc.o
 .note.GNU-stack
                0x0000000000000000        0x0 binaries/getdev.o
 .note.GNU-stack
                0x0000000000000000        0x0 binaries/getitem.o
 .note.GNU-stack
                0x0000000000000000        0x0 binaries/getmem.o
 .note.GNU-stack
                0x0000000000000000        0x0 binaries/getpid.o
 .note.GNU-stack
                0x0000000000000000        0x0 binaries/getprio.o
 .note.GNU-stack
                0x0000000000000000        0x0 binaries/getstk.o
 .note.GNU-stack
                0x0000000000000000        0x0 binaries/gettime.o
 .note.GNU-stack
                0x0000000000000000        0x0 binaries/getutime.o
 .note.GNU-stack
                0x0000000000000000        0x0 binaries/init.o
 .note.GNU-stack
                0x0000000000000000        0x0 binaries/initialize.o
 .note.GNU-stack
                0x0000000000000000        0x0 binaries/insert.o
 .note.GNU-stack
                0x0000000000000000        0x0 binaries/insertd.o
 .note.GNU-stack
                0x0000000000000000        0x0 binaries/ioerr.o
 .note.GNU-stack
                0x0000000000000000        0x0 binaries/ionull.o
 .note.GNU-stack
                0x0000000000000000        0x0 binaries/kill.o
 .note.GNU-stack
                0x0000000000000000        0x0 binaries/kprintf.o
 .note.GNU-stack
                0x0000000000000000        0x0 binaries/main.o
 .note.GNU-stack
                0x0000000000000000        0x0 binaries/mark.o
 .note.GNU-stack
                0x0000000000000000        0x0 binaries/meminit.o
 .note.GNU-stack
                0x0000000000000000        0x0 binaries/mkbufpool.o
 .note.GNU-stack
                0x0000000000000000        0x0 binaries/newqueue.o
 .note.GNU-stack
                0x0000000000000000        0x0 binaries/open.o
 .note.GNU-stack
                0x0000000000000000        0x0 binaries/panic.o
 .note.GNU-stack
                0x0000000000000000        0x0 binaries/pci.o
 .note.GNU-stack
                0x0000000000000000        0x0 binaries/platinit.o
 .note.GNU-stack
                0x0000000000000000        0x0 binaries/ptclear.o
 .note.GNU-stack
                0x0000000000000000        0x0 binaries/ptcount.o
 .note.GNU-stack
                0x0000000000000000        0x0 binaries/ptcreate.o
 .note.GNU-stack
                0x0000000000000000        0x0 binaries/ptdelete.o
 .note.GNU-stack
                0x0000000000000000        0x0 binaries/ptinit.o
 .note.GNU-stack
                0x0000000000000000        0x0 binaries/ptrecv.o
 .note.GNU-stack
                0x0000000000000000        0x0 binaries/ptreset.o
 .note.GNU-stack
                0x0000000000000000        0x0 binaries/ptsend.o
 .note.GNU-stack
                0x0000000000000000        0x0 binaries/putc.o
 .note.GNU-stack
                0x0000000000000000        0x0 binaries/quark_irq.o
 .note.GNU-stack
                0x0000000000000000        0x0 binaries/quark_pdat.o
 .note.GNU-stack
                0x0000000000000000        0x0 binaries/queue.o
 .note.GNU-stack
                0x0000000000000000        0x0 binaries/read.o
 .note.GNU-stack
                0x0000000000000000        0x0 binaries/ready.o
 .note.GNU-stack
                0x0000000000000000        0x0 binaries/receive.o
 .note.GNU-stack
                0x0000000000000000        0x0 binaries/recvclr.o
 .note.GNU-stack
                0x0000000000000000        0x0 binaries/recvtime.o
 .note.GNU-stack
                0x0000000000000000        0x0 binaries/resched.o
 .note.GNU-stack
                0x0000000000000000        0x0 binaries/resume.o
 .note.GNU-stack
                0x0000000000000000        0x0 binaries/seek.o
 .note.GNU-stack
                0x0000000000000000        0x0 binaries/semcount.o
 .note.GNU-stack
                0x0000000000000000        0x0 binaries/semcreate.o
 .note.GNU-stack
                0x0000000000000000        0x0 binaries/semdelete.o
 .note.GNU-stack
                0x0000000000000000        0x0 binaries/semreset.o
 .note.GNU-stack
                0x0000000000000000        0x0 binaries/send.o
 .note.GNU-stack
                0x0000000000000000        0x0 binaries/signal.o
 .note.GNU-stack
                0x0000000000000000        0x0 binaries/signaln.o
 .note.GNU-stack
                0x0000000000000000        0x0 binaries/sleep.o
 .note.GNU-stack
                0x0000000000000000        0x0 binaries/stacktrace.o
 .note.GNU-stack
                0x0000000000000000        0x0 binaries/suspend.o
 .note.GNU-stack
                0x0000000000000000        0x0 binaries/unsleep.o
 .note.GNU-stack
                0x0000000000000000        0x0 binaries/userret.o
 .note.GNU-stack
                0x0000000000000000        0x0 binaries/wait.o
 .note.GNU-stack
                0x0000000000000000        0x0 binaries/wakeup.o
 .note.GNU-stack
                0x0000000000000000        0x0 binaries/write.o
 .note.GNU-stack
                0x0000000000000000        0x0 binaries/xdone.o
 .note.GNU-stack
                0x0000000000000000        0x0 binaries/yield.o
 .note.GNU-stack
                0x0000000000000000        0x0 binaries/abs.o
 .note.GNU-stack
                0x0000000000000000        0x0 binaries/atoi.o
 .note.GNU-stack
                0x0000000000000000        0x0 binaries/atol.o
 .note.GNU-stack
                0x0000000000000000        0x0 binaries/bzero.o
 .note.GNU-stack
                0x0000000000000000        0x0 binaries/ctype_.o
 .note.GNU-stack
                0x0000000000000000        0x0 binaries/doprnt.o
 .note.GNU-stack
                0x0000000000000000        0x0 binaries/doscan.o
 .note.GNU-stack
                0x0000000000000000        0x0 binaries/fdoprnt.o
 .note.GNU-stack
                0x0000000000000000        0x0 binaries/fgetc.o
 .note.GNU-stack
                0x0000000000000000        0x0 binaries/fgets.o
 .note.GNU-stack
                0x0000000000000000        0x0 binaries/fprintf.o
 .note.GNU-stack
                0x0000000000000000        0x0 binaries/fputc.o
 .note.GNU-stack
                0x0000000000000000        0x0 binaries/fputs.o
 .note.GNU-stack
                0x0000000000000000        0x0 binaries/fscanf.o
 .note.GNU-stack
                0x0000000000000000        0x0 binaries/getchar.o
 .note.GNU-stack
                0x0000000000000000        0x0 binaries/labs.o
 .note.GNU-stack
                0x0000000000000000        0x0 binaries/memchr.o
 .note.GNU-stack
                0x0000000000000000        0x0 binaries/memcmp.o
 .note.GNU-stack
                0x0000000000000000        0x0 binaries/memcpy.o
 .note.GNU-stack
                0x0000000000000000        0x0 binaries/memset.o
 .note.GNU-stack
                0x0000000000000000        0x0 binaries/printf.o
 .note.GNU-stack
                0x0000000000000000        0x0 binaries/putchar.o
 .note.GNU-stack
                0x0000000000000000        0x0 binaries/qsort.o
 .note.GNU-stack
                0x0000000000000000        0x0 binaries/rand.o
 .note.GNU-stack
                0x0000000000000000        0x0 binaries/sprintf.o
 .note.GNU-stack
                0x0000000000000000        0x0 binaries/sscanf.o
 .note.GNU-stack
                0x0000000000000000        0x0 binaries/strchr.o
 .note.GNU-stack
                0x0000000000000000        0x0 binaries/strcmp.o
 .note.GNU-stack
                0x0000000000000000        0x0 binaries/strcpy.o
 .note.GNU-stack
                0x0000000000000000        0x0 binaries/strlen.o
 .note.GNU-stack
                0x0000000000000000        0x0 binaries/strncat.o
 .note.GNU-stack
                0x0000000000000000        0x0 binaries/strncmp.o
 .note.GNU-stack
                0x0000000000000000        0x0 binaries/strncpy.o
 .note.GNU-stack
                0x0000000000000000        0x0 binaries/strnlen.o
 .note.GNU-stack
                0x0000000000000000        0x0 binaries/strrchr.o
 .note.GNU-stack
                0x0000000000000000        0x0 binaries/strstr.o
 .note.GNU-stack
                0x0000000000000000        0x0 binaries/ttycontrol.o
 .note.GNU-stack
                0x0000000000000000        0x0 binaries/ttygetc.o
 .note.GNU-stack
                0x0000000000000000        0x0 binaries/ttyhandle_in.o
 .note.GNU-stack
                0x0000000000000000        0x0 binaries/ttyhandle_out.o
 .note.GNU-stack
                0x0000000000000000        0x0 binaries/ttyhandler.o
 .note.GNU-stack
                0x0000000000000000        0x0 binaries/ttyinit.o
 .note.GNU-stack
                0x0000000000000000        0x0 binaries/ttykickout.o
 .note.GNU-stack
                0x0000000000000000        0x0 binaries/ttyputc.o
 .note.GNU-stack
                0x0000000000000000        0x0 binaries/ttyread.o
 .note.GNU-stack
                0x0000000000000000        0x0 binaries/ttywrite.o
 .note.GNU-stack
                0x0000000000000000        0x0 binaries/mount.o
 .note.GNU-stack
                0x0000000000000000        0x0 binaries/naminit.o
 .note.GNU-stack
                0x0000000000000000        0x0 binaries/nammap.o
 .note.GNU-stack
                0x0000000000000000        0x0 binaries/namopen.o
 .note.GNU-stack
                0x0000000000000000        0x0 binaries/colon2mac.o
 .note.GNU-stack
                0x0000000000000000        0x0 binaries/ethcontrol.o
 .note.GNU-stack
                0x0000000000000000        0x0 binaries/ethhandler.o
 .note.GNU-stack
                0x0000000000000000        0x0 binaries/ethinit.o
 .note.GNU-stack
                0x0000000000000000        0x0 binaries/ethmcast.o
 .note.GNU-stack
                0x0000000000000000        0x0 binaries/ethread.o
 .note.GNU-stack
                0x0000000000000000        0x0 binaries/ethwrite.o
 .note.GNU-stack
                0x0000000000000000        0x0 binaries/rdsbufalloc.o
 .note.GNU-stack
                0x0000000000000000        0x0 binaries/rdsclose.o
 .note.GNU-stack
                0x0000000000000000        0x0 binaries/rdscomm.o
 .note.GNU-stack
                0x0000000000000000        0x0 binaries/rdscontrol.o
 .note.GNU-stack
                0x0000000000000000        0x0 binaries/rdsinit.o
 .note.GNU-stack
                0x0000000000000000        0x0 binaries/rdsopen.o
 .note.GNU-stack
                0x0000000000000000        0x0 binaries/rdsprocess.o
 .note.GNU-stack
                0x0000000000000000        0x0 binaries/rdsread.o
 .note.GNU-stack
                0x0000000000000000        0x0 binaries/rdswrite.o
 .note.GNU-stack
                0x0000000000000000        0x0 binaries/ramclose.o
 .note.GNU-stack
                0x0000000000000000        0x0 binaries/raminit.o
 .note.GNU-stack
                0x0000000000000000        0x0 binaries/ramopen.o
 .note.GNU-stack
                0x0000000000000000        0x0 binaries/ramread.o
 .note.GNU-stack
                0x0000000000000000        0x0 binaries/ramwrite.o
 .note.GNU-stack
                0x0000000000000000        0x0 binaries/lfdballoc.o
 .note.GNU-stack
                0x0000000000000000        0x0 binaries/lfdbfree.o
 .note.GNU-stack
                0x0000000000000000        0x0 binaries/lfflush.o
 .note.GNU-stack
                0x0000000000000000        0x0 binaries/lfgetmode.o
 .note.GNU-stack
                0x0000000000000000        0x0 binaries/lfiballoc.o
 .note.GNU-stack
                0x0000000000000000        0x0 binaries/lfibclear.o
 .note.GNU-stack
                0x0000000000000000        0x0 binaries/lfibget.o
 .note.GNU-stack
                0x0000000000000000        0x0 binaries/lfibput.o
 .note.GNU-stack
                0x0000000000000000        0x0 binaries/lflclose.o
 .note.GNU-stack
                0x0000000000000000        0x0 binaries/lflcontrol.o
 .note.GNU-stack
                0x0000000000000000        0x0 binaries/lflgetc.o
 .note.GNU-stack
                0x0000000000000000        0x0 binaries/lflinit.o
 .note.GNU-stack
                0x0000000000000000        0x0 binaries/lflputc.o
 .note.GNU-stack
                0x0000000000000000        0x0 binaries/lflread.o
 .note.GNU-stack
                0x0000000000000000        0x0 binaries/lflseek.o
 .note.GNU-stack
                0x0000000000000000        0x0 binaries/lflwrite.o
 .note.GNU-stack
                0x0000000000000000        0x0 binaries/lfsckfmt.o
 .note.GNU-stack
                0x0000000000000000        0x0 binaries/lfscreate.o
 .note.GNU-stack
                0x0000000000000000        0x0 binaries/lfsetup.o
 .note.GNU-stack
                0x0000000000000000        0x0 binaries/lfsinit.o
 .note.GNU-stack
                0x0000000000000000        0x0 binaries/lfsopen.o
 .note.GNU-stack
                0x0000000000000000        0x0 binaries/lftruncate.o
 .note.GNU-stack
                0x0000000000000000        0x0 binaries/rflclose.o
 .note.GNU-stack
                0x0000000000000000        0x0 binaries/rflgetc.o
 .note.GNU-stack
                0x0000000000000000        0x0 binaries/rflinit.o
 .note.GNU-stack
                0x0000000000000000        0x0 binaries/rflputc.o
 .note.GNU-stack
                0x0000000000000000        0x0 binaries/rflread.o
 .note.GNU-stack
                0x0000000000000000        0x0 binaries/rflseek.o
 .note.GNU-stack
                0x0000000000000000        0x0 binaries/rflwrite.o
 .note.GNU-stack
                0x0000000000000000        0x0 binaries/rfscomm.o
 .note.GNU-stack
                0x0000000000000000        0x0 binaries/rfscontrol.o
 .note.GNU-stack
                0x0000000000000000        0x0 binaries/rfsgetmode.o
 .note.GNU-stack
                0x0000000000000000        0x0 binaries/rfsinit.o
 .note.GNU-stack
                0x0000000000000000        0x0 binaries/rfsndmsg.o
 .note.GNU-stack
                0x0000000000000000        0x0 binaries/rfsopen.o
 .note.GNU-stack
                0x0000000000000000        0x0 binaries/arp.o
 .note.GNU-stack
                0x0000000000000000        0x0 binaries/dhcp.o
 .note.GNU-stack
                0x0000000000000000        0x0 binaries/dot2ip.o
 .note.GNU-stack
                0x0000000000000000        0x0 binaries/hexdump.o
 .note.GNU-stack
                0x0000000000000000        0x0 binaries/icmp.o
 .note.GNU-stack
                0x0000000000000000        0x0 binaries/ip.o
 .note.GNU-stack
                0x0000000000000000        0x0 binaries/net.o
 .note.GNU-stack
                0x0000000000000000        0x0 binaries/netstart.o
 .note.GNU-stack
                0x0000000000000000        0x0 binaries/pdump.o
 .note.GNU-stack
                0x0000000000000000        0x0 binaries/tftp.o
 .note.GNU-stack
                0x0000000000000000        0x0 binaries/udp.o
 .note.GNU-stack
                0x0000000000000000        0x0 binaries/addargs.o
 .note.GNU-stack
                0x0000000000000000        0x0 binaries/lexan.o
 .note.GNU-stack
                0x0000000000000000        0x0 binaries/shell.o
 .note.GNU-stack
                0x0000000000000000        0x0 binaries/xsh_argecho.o
 .note.GNU-stack
                0x0000000000000000        0x0 binaries/xsh_arp.o
 .note.GNU-stack
                0x0000000000000000        0x0 binaries/xsh_cat.o
 .note.GNU-stack
                0x0000000000000000        0x0 binaries/xsh_clear.o
 .note.GNU-stack
                0x0000000000000000        0x0 binaries/xsh_date.o
 .note.GNU-stack
                0x0000000000000000        0x0 binaries/xsh_devdump.o
 .note.GNU-stack
                0x0000000000000000        0x0 binaries/xsh_echo.o
 .note.GNU-stack
                0x0000000000000000        0x0 binaries/xsh_exit.o
 .note.GNU-stack
                0x0000000000000000        0x0 binaries/xsh_help.o
 .note.GNU-stack
                0x0000000000000000        0x0 binaries/xsh_ipaddr.o
 .note.GNU-stack
                0x0000000000000000        0x0 binaries/xsh_kill.o
 .note.GNU-stack
                0x0000000000000000        0x0 binaries/xsh_memdump.o
 .note.GNU-stack
                0x0000000000000000        0x0 binaries/xsh_memstat.o
 .note.GNU-stack
                0x0000000000000000        0x0 binaries/xsh_ping.o
 .note.GNU-stack
                0x0000000000000000        0x0 binaries/xsh_ps.o
 .note.GNU-stack
                0x0000000000000000        0x0 binaries/xsh_sleep.o
 .note.GNU-stack
                0x0000000000000000        0x0 binaries/xsh_udpdump.o
 .note.GNU-stack
                0x0000000000000000        0x0 binaries/xsh_udpecho.o
 .note.GNU-stack
                0x0000000000000000        0x0 binaries/xsh_udpeserver.o
 .note.GNU-stack
                0x0000000000000000        0x0 binaries/xsh_uptime.o
 .note.GNU-stack
                0x0000000000000000        0x0 binaries/allocate_bs.o
 .note.GNU-stack
                0x0000000000000000        0x0 binaries/bs_map.o
 .note.GNU-stack
                0x0000000000000000        0x0 binaries/close_bs.o
 .note.GNU-stack
                0x0000000000000000        0x0 binaries/deallocate_bs.o
 .note.GNU-stack
                0x0000000000000000        0x0 binaries/dump32.o
 .note.GNU-stack
                0x0000000000000000        0x0 binaries/get_bs.o
 .note.GNU-stack
                0x0000000000000000        0x0 binaries/open_bs.o
 .note.GNU-stack
                0x0000000000000000        0x0 binaries/page_directory.o
 .note.GNU-stack
                0x0000000000000000        0x0 binaries/page_frame.o
 .note.GNU-stack
                0x0000000000000000        0x0 binaries/page_table.o
 .note.GNU-stack
                0x0000000000000000        0x0 binaries/pagefault_handler.o
 .note.GNU-stack
                0x0000000000000000        0x0 binaries/paging_register_setup.o
 .note.GNU-stack
                0x0000000000000000        0x0 binaries/paging_tests.o
 .note.GNU-stack
                0x0000000000000000        0x0 binaries/psinit.o
 .note.GNU-stack
                0x0000000000000000        0x0 binaries/read_bs.o
 .note.GNU-stack
                0x0000000000000000        0x0 binaries/release_bs.o
 .note.GNU-stack
                0x0000000000000000        0x0 binaries/srpolicy.o
 .note.GNU-stack
                0x0000000000000000        0x0 binaries/vcreate.o
 .note.GNU-stack
                0x0000000000000000        0x0 binaries/vfreemem.o
 .note.GNU-stack
                0x0000000000000000        0x0 binaries/vgetmem.o
 .note.GNU-stack
                0x0000000000000000        0x0 binaries/write_bs.o
